Archive member included to satisfy reference by file (symbol)

/home/graeme/source/zenos/sysroot/usr/lib/libk.a(printf.libk.o)
                              arch/i386/interrupt_driver.o (printf)
/home/graeme/source/zenos/sysroot/usr/lib/libk.a(putchar.libk.o)
                              /home/graeme/source/zenos/sysroot/usr/lib/libk.a(printf.libk.o) (putchar)
/home/graeme/source/zenos/sysroot/usr/lib/libk.a(citoa.libk.o)
                              /home/graeme/source/zenos/sysroot/usr/lib/libk.a(printf.libk.o) (citoa)
/home/graeme/source/zenos/sysroot/usr/lib/libk.a(strlen.libk.o)
                              arch/i386/tty.o (strlen)
/home/graeme/source/zenos/sysroot/usr/lib/libk.a(strrev.libk.o)
                              /home/graeme/source/zenos/sysroot/usr/lib/libk.a(citoa.libk.o) (reverse)
/home/graeme/source/zenos/sysroot/usr/lib/libk.a(strncmp.libk.o)
                              kernel/command.o (strncmp)

There are no discarded input sections

Memory Configuration

Name             Origin             Length             Attributes
*default*        0x00000000         0xffffffff

Linker script and memory map

LOAD arch/i386/crti.o
LOAD arch/i386/crtbegin.o
LOAD arch/i386/boot.o
LOAD arch/i386/port_driver.o
LOAD arch/i386/gdt.o
LOAD arch/i386/gdt_flush.o
LOAD arch/i386/tty.o
LOAD arch/i386/interrupt_driver.o
LOAD arch/i386/isr.o
LOAD arch/i386/irq.o
LOAD arch/i386/keyboard_driver.o
LOAD kernel/eventqueue.o
LOAD kernel/kernel.o
LOAD kernel/cbuffer.o
LOAD kernel/shell.o
LOAD kernel/command.o
LOAD kernel/commands/version.o
LOAD kernel/commands/tty_commands.o
LOAD kernel/pmm/pmm.o
LOAD kernel/pmm/pmm_tests.o
LOAD /home/graeme/source/zenos/sysroot/usr/lib/libk.a
LOAD /home/graeme/opt/cross-i686-v16_2/lib/gcc/i686-elf/16.2.0/libgcc.a
LOAD arch/i386/crtend.o
LOAD arch/i386/crtn.o
                0x00100000                        . = 0x100000

.text           0x00100000     0x1cf9
 *(.multiboot)
 .multiboot     0x00100000        0xc arch/i386/boot.o
 *(.text)
 .text          0x0010000c        0x0 arch/i386/crti.o
 *fill*         0x0010000c        0x4 
 .text          0x00100010      0x105 arch/i386/crtbegin.o
 .text          0x00100115       0x24 arch/i386/boot.o
                0x00100115                _start
 *fill*         0x00100139        0x7 
 .text          0x00100140       0x1e arch/i386/port_driver.o
                0x00100140                port_byte_in
                0x00100150                port_byte_out
 *fill*         0x0010015e        0x2 
 .text          0x00100160       0x66 arch/i386/gdt.o
                0x00100160                gdt_install
 .text          0x001001c6       0x1d arch/i386/gdt_flush.o
                0x001001c6                gdt_flush
 *fill*         0x001001e3       0x1d 
 .text          0x00100200      0x666 arch/i386/tty.o
                0x00100200                terminal_cursor_type
                0x00100210                terminal_setcolor
                0x00100220                terminal_putentryat
                0x00100250                terminal_putchar
                0x00100450                terminal_write
                0x001004f0                terminal_writestring
                0x001005a0                terminal_nl
                0x00100630                terminal_cursor_enable
                0x001006b0                terminal_clear
                0x00100760                terminal_initialize
                0x00100790                terminal_cursor_disable
                0x001007c0                terminal_cursor_put
                0x00100820                terminal_cursor_get
 *fill*         0x00100866        0xa 
 .text          0x00100870      0x76f arch/i386/interrupt_driver.o
                0x00100870                irq_handler
                0x001008d0                isr_handler
                0x00100910                set_idt_gate
                0x00100950                install_interrupts
                0x00100fa0                register_interrupt_handler
                0x00100fc0                load_idt
 .text          0x00100fdf       0xf2 arch/i386/isr.o
                0x00100fdf                isr0
                0x00100fe8                isr1
                0x00100ff1                isr2
                0x00100ffa                isr3
                0x00101003                isr4
                0x0010100c                isr5
                0x00101015                isr6
                0x0010101e                isr7
                0x00101027                isr8
                0x0010102b                isr9
                0x00101031                isr10
                0x00101035                isr11
                0x00101039                isr12
                0x0010103d                isr13
                0x00101041                isr14
                0x00101045                isr15
                0x0010104b                isr16
                0x00101051                isr17
                0x00101055                isr18
                0x0010105b                isr19
                0x00101061                isr20
                0x00101067                isr21
                0x0010106d                isr22
                0x00101073                isr23
                0x00101079                isr24
                0x0010107f                isr25
                0x00101085                isr26
                0x0010108b                isr27
                0x00101091                isr28
                0x00101097                isr29
                0x0010109d                isr30
                0x001010a3                isr31
                0x001010a9                isr_common_stub
 .text          0x001010d1      0x106 arch/i386/irq.o
                0x001010d1                irq0
                0x001010da                irq1
                0x001010e3                irq2
                0x001010ec                irq3
                0x001010f5                irq4
                0x001010fe                irq5
                0x00101107                irq6
                0x00101110                irq7
                0x00101119                irq8
                0x00101122                irq9
                0x0010112b                irq10
                0x00101131                irq11
                0x00101137                irq12
                0x0010113d                irq13
                0x00101143                irq14
                0x00101149                irq15
                0x0010114f                irq16
                0x00101155                irq17
                0x0010115b                irq18
                0x00101161                irq19
                0x00101167                irq20
                0x0010116d                irq21
                0x00101173                irq22
                0x00101179                irq23
                0x0010117f                irq24
                0x00101185                irq25
                0x0010118b                irq26
                0x00101191                irq27
                0x00101197                irq28
                0x0010119d                irq29
                0x001011a3                irq30
                0x001011a9                irq31
                0x001011af                irq_common_stub
 *fill*         0x001011d7        0x9 
 .text          0x001011e0       0xe7 arch/i386/keyboard_driver.o
                0x001012a0                keyboard_init
 *fill*         0x001012c7        0x9 
 .text          0x001012d0       0x13 kernel/eventqueue.o
                0x001012d0                event_queue_init
                0x001012e0                event_queue_has_data
 *fill*         0x001012e3        0xd 
 .text          0x001012f0       0xe2 kernel/kernel.o
                0x001012f0                hang_message
                0x00101310                kernel_main
 *fill*         0x001013d2        0xe 
 .text          0x001013e0      0x230 kernel/cbuffer.o
                0x001013e0                cbuffer_initialize
                0x00101400                cbuffer_is_full
                0x00101420                cbuffer_is_empty
                0x00101440                cbuffer_put
                0x00101480                cbuffer_get
                0x001014c0                cbuffer_find
                0x00101510                cbuffer_peek
                0x00101550                cbuffer_first_to_CR
                0x001015f0                cbuffer_data_available
 .text          0x00101610      0x108 kernel/shell.o
                0x00101610                shell_init
                0x00101640                shell_run
 *fill*         0x00101718        0x8 
 .text          0x00101720       0x6c kernel/command.o
                0x00101720                hello
                0x00101740                command_item_get
 *fill*         0x0010178c        0x4 
 .text          0x00101790       0x1a kernel/commands/version.o
                0x00101790                cmd_version
 *fill*         0x001017aa        0x6 
 .text          0x001017b0        0xd kernel/commands/tty_commands.o
                0x001017b0                cmd_tty_clear
 *fill*         0x001017bd        0x3 
 .text          0x001017c0      0x397 /home/graeme/source/zenos/sysroot/usr/lib/libk.a(printf.libk.o)
                0x001017c0                printf
 *fill*         0x00101b57        0x9 
 .text          0x00101b60       0x1d /home/graeme/source/zenos/sysroot/usr/lib/libk.a(putchar.libk.o)
                0x00101b60                putchar
 *fill*         0x00101b7d        0x3 
 .text          0x00101b80       0xaf /home/graeme/source/zenos/sysroot/usr/lib/libk.a(citoa.libk.o)
                0x00101b80                citoa
 *fill*         0x00101c2f        0x1 
 .text          0x00101c30       0x1b /home/graeme/source/zenos/sysroot/usr/lib/libk.a(strlen.libk.o)
                0x00101c30                strlen
 *fill*         0x00101c4b       0x15 
 .text          0x00101c60       0x42 /home/graeme/source/zenos/sysroot/usr/lib/libk.a(strrev.libk.o)
                0x00101c60                reverse
 *fill*         0x00101ca2        0xe 
 .text          0x00101cb0       0x49 /home/graeme/source/zenos/sysroot/usr/lib/libk.a(strncmp.libk.o)
                0x00101cb0                strncmp
 .text          0x00101cf9        0x0 arch/i386/crtend.o
 .text          0x00101cf9        0x0 arch/i386/crtn.o

.init           0x00101cf9        0x5
 .init          0x00101cf9        0x3 arch/i386/crti.o
                0x00101cf9                _init
 .init          0x00101cfc        0x2 arch/i386/crtn.o

.fini           0x00101cfe        0x5
 .fini          0x00101cfe        0x3 arch/i386/crti.o
                0x00101cfe                _fini
 .fini          0x00101d01        0x2 arch/i386/crtn.o

.iplt           0x00101d03        0x0
 .iplt          0x00101d03        0x0 arch/i386/crti.o

.rodata         0x00102000      0x2a4
 *(.rodata)
 .rodata        0x00102000        0xa arch/i386/tty.o
 *fill*         0x0010200a       0x16 
 .rodata        0x00102020      0x200 arch/i386/keyboard_driver.o
 .rodata        0x00102220       0x84 /home/graeme/source/zenos/sysroot/usr/lib/libk.a(printf.libk.o)

.eh_frame       0x001022a4        0x4
 .eh_frame      0x001022a4        0x0 arch/i386/crtbegin.o
 .eh_frame      0x001022a4        0x4 arch/i386/crtend.o

.rodata.str1.1  0x001022a8      0x383
 .rodata.str1.1
                0x001022a8      0x383 arch/i386/tty.o
                                  0x3 (size before relaxing)
 .rodata.str1.1
                0x00102564        0x0 arch/i386/interrupt_driver.o
                                0x1f0 (size before relaxing)
 .rodata.str1.1
                0x00102564        0x0 kernel/kernel.o
                                 0xa2 (size before relaxing)
 .rodata.str1.1
                0x00102564        0x0 kernel/shell.o
                                  0xf (size before relaxing)
 .rodata.str1.1
                0x00102564        0x0 kernel/command.o
                                  0xe (size before relaxing)
 .rodata.str1.1
                0x00102564        0x0 kernel/commands/version.o
                                  0xd (size before relaxing)

.rodata.str1.4  0x0010262c       0x48
 .rodata.str1.4
                0x0010262c       0x48 arch/i386/interrupt_driver.o
                                 0x1f (size before relaxing)
 .rodata.str1.4
                0x001025ac        0x0 kernel/kernel.o
                                 0x28 (size before relaxing)

.rel.dyn        0x00102674        0x0
 .rel.got       0x00102674        0x0 arch/i386/crti.o
 .rel.iplt      0x00102674        0x0 arch/i386/crti.o
 .rel.text      0x00102674        0x0 arch/i386/crti.o

.data           0x00103000      0x100
 *(.data)
 .data          0x00103000        0x0 arch/i386/crti.o
 .data          0x00103000        0x4 arch/i386/crtbegin.o
                0x00103000                __dso_handle
 .data          0x00103004        0x8 arch/i386/boot.o
                0x00103004                linked_label_addr
                0x00103008                actual_eip
 .data          0x0010300c        0x0 arch/i386/port_driver.o
 .data          0x0010300c        0x0 arch/i386/gdt.o
 .data          0x0010300c        0x0 arch/i386/gdt_flush.o
 .data          0x0010300c        0x0 arch/i386/tty.o
 *fill*         0x0010300c       0x14 
 .data          0x00103020       0x80 arch/i386/interrupt_driver.o
                0x00103020                exception_messages
 .data          0x001030a0        0x0 arch/i386/isr.o
 .data          0x001030a0        0x0 arch/i386/irq.o
 .data          0x001030a0        0x0 arch/i386/keyboard_driver.o
 .data          0x001030a0        0x0 kernel/eventqueue.o
 .data          0x001030a0        0x0 kernel/kernel.o
 .data          0x001030a0        0x0 kernel/cbuffer.o
 .data          0x001030a0        0x0 kernel/shell.o
 .data          0x001030a0       0x60 kernel/command.o
                0x001030a0                command_list
 .data          0x00103100        0x0 kernel/commands/version.o
 .data          0x00103100        0x0 kernel/commands/tty_commands.o
 .data          0x00103100        0x0 kernel/pmm/pmm.o
 .data          0x00103100        0x0 kernel/pmm/pmm_tests.o
 .data          0x00103100        0x0 /home/graeme/source/zenos/sysroot/usr/lib/libk.a(printf.libk.o)
 .data          0x00103100        0x0 /home/graeme/source/zenos/sysroot/usr/lib/libk.a(putchar.libk.o)
 .data          0x00103100        0x0 /home/graeme/source/zenos/sysroot/usr/lib/libk.a(citoa.libk.o)
 .data          0x00103100        0x0 /home/graeme/source/zenos/sysroot/usr/lib/libk.a(strlen.libk.o)
 .data          0x00103100        0x0 /home/graeme/source/zenos/sysroot/usr/lib/libk.a(strrev.libk.o)
 .data          0x00103100        0x0 /home/graeme/source/zenos/sysroot/usr/lib/libk.a(strncmp.libk.o)
 .data          0x00103100        0x0 arch/i386/crtend.o
 .data          0x00103100        0x0 arch/i386/crtn.o

.got            0x00103100        0x0
 .got           0x00103100        0x0 arch/i386/crti.o

.got.plt        0x00103100        0x0
 .got.plt       0x00103100        0x0 arch/i386/crti.o

.igot.plt       0x00103100        0x0
 .igot.plt      0x00103100        0x0 arch/i386/crti.o

.tm_clone_table
                0x00103100        0x0
 .tm_clone_table
                0x00103100        0x0 arch/i386/crtbegin.o
 .tm_clone_table
                0x00103100        0x0 arch/i386/crtend.o

.fini_array     0x00103100        0x4
 .fini_array    0x00103100        0x4 arch/i386/crtbegin.o

.init_array     0x00103104        0x4
 .init_array    0x00103104        0x4 arch/i386/crtbegin.o

.bss            0x00104000     0x5784
 *(COMMON)
 *(.bss)
 .bss           0x00104000        0x0 arch/i386/crti.o
 .bss           0x00104000       0x1c arch/i386/crtbegin.o
 *fill*         0x0010401c        0x4 
 .bss           0x00104020     0x4000 arch/i386/boot.o
 .bss           0x00108020        0x0 arch/i386/port_driver.o
 .bss           0x00108020       0x20 arch/i386/gdt.o
                0x00108020                gp
                0x00108028                gdt
 .bss           0x00108040        0x0 arch/i386/gdt_flush.o
 .bss           0x00108040       0x14 arch/i386/tty.o
 *fill*         0x00108054        0xc 
 .bss           0x00108060      0xc20 arch/i386/interrupt_driver.o
                0x00108060                idt_reg
                0x00108080                interrupt_handlers
                0x00108480                idt
 .bss           0x00108c80        0x0 arch/i386/isr.o
 .bss           0x00108c80        0x0 arch/i386/irq.o
 .bss           0x00108c80        0x8 arch/i386/keyboard_driver.o
                0x00108c80                isShift
                0x00108c84                current_buffer
 *fill*         0x00108c88       0x18 
 .bss           0x00108ca0      0xaa0 kernel/eventqueue.o
                0x00108ca0                event_items
 .bss           0x00109740        0x0 kernel/kernel.o
 .bss           0x00109740        0x0 kernel/cbuffer.o
 .bss           0x00109740       0x44 kernel/shell.o
                0x00109740                shell_buffer
 .bss           0x00109784        0x0 kernel/command.o
 .bss           0x00109784        0x0 kernel/commands/version.o
 .bss           0x00109784        0x0 kernel/commands/tty_commands.o
 .bss           0x00109784        0x4 kernel/pmm/pmm.o
 .bss           0x00109788        0x0 kernel/pmm/pmm_tests.o
 .bss           0x00109788        0x0 /home/graeme/source/zenos/sysroot/usr/lib/libk.a(printf.libk.o)
 .bss           0x00109788        0x0 /home/graeme/source/zenos/sysroot/usr/lib/libk.a(putchar.libk.o)
 .bss           0x00109788        0x0 /home/graeme/source/zenos/sysroot/usr/lib/libk.a(citoa.libk.o)
 .bss           0x00109788        0x0 /home/graeme/source/zenos/sysroot/usr/lib/libk.a(strlen.libk.o)
 .bss           0x00109788        0x0 /home/graeme/source/zenos/sysroot/usr/lib/libk.a(strrev.libk.o)
 .bss           0x00109788        0x0 /home/graeme/source/zenos/sysroot/usr/lib/libk.a(strncmp.libk.o)
 .bss           0x00109788        0x0 arch/i386/crtend.o
 .bss           0x00109788        0x0 arch/i386/crtn.o
OUTPUT(zenos.kernel elf32-i386)

.debug_line     0x00000000     0x226f
 .debug_line    0x00000000       0x58 arch/i386/crti.o
 .debug_line    0x00000058       0x52 arch/i386/boot.o
 .debug_line    0x000000aa       0x71 arch/i386/port_driver.o
 .debug_line    0x0000011b       0xdf arch/i386/gdt.o
 .debug_line    0x000001fa       0x50 arch/i386/gdt_flush.o
 .debug_line    0x0000024a      0x563 arch/i386/tty.o
 .debug_line    0x000007ad      0x8dd arch/i386/interrupt_driver.o
 .debug_line    0x0000108a       0xb5 arch/i386/isr.o
 .debug_line    0x0000113f       0xbc arch/i386/irq.o
 .debug_line    0x000011fb      0x107 arch/i386/keyboard_driver.o
 .debug_line    0x00001302       0x5d kernel/eventqueue.o
 .debug_line    0x0000135f       0xc7 kernel/kernel.o
 .debug_line    0x00001426      0x2e3 kernel/cbuffer.o
 .debug_line    0x00001709      0x138 kernel/shell.o
 .debug_line    0x00001841       0xd3 kernel/command.o
 .debug_line    0x00001914       0x5f kernel/commands/version.o
 .debug_line    0x00001973       0x5f kernel/commands/tty_commands.o
 .debug_line    0x000019d2      0x4fd /home/graeme/source/zenos/sysroot/usr/lib/libk.a(printf.libk.o)
 .debug_line    0x00001ecf       0x74 /home/graeme/source/zenos/sysroot/usr/lib/libk.a(putchar.libk.o)
 .debug_line    0x00001f43      0x101 /home/graeme/source/zenos/sysroot/usr/lib/libk.a(citoa.libk.o)
 .debug_line    0x00002044       0x88 /home/graeme/source/zenos/sysroot/usr/lib/libk.a(strlen.libk.o)
 .debug_line    0x000020cc       0xa1 /home/graeme/source/zenos/sysroot/usr/lib/libk.a(strrev.libk.o)
 .debug_line    0x0000216d       0xac /home/graeme/source/zenos/sysroot/usr/lib/libk.a(strncmp.libk.o)
 .debug_line    0x00002219       0x56 arch/i386/crtn.o

.debug_line_str
                0x00000000      0x376
 .debug_line_str
                0x00000000      0x376 arch/i386/crti.o
                                 0x32 (size before relaxing)
 .debug_line_str
                0x00000376        0x0 arch/i386/boot.o
                                 0x32 (size before relaxing)
 .debug_line_str
                0x00000376        0x0 arch/i386/port_driver.o
                                 0x80 (size before relaxing)
 .debug_line_str
                0x00000376        0x0 arch/i386/gdt.o
                                 0xb7 (size before relaxing)
 .debug_line_str
                0x00000376        0x0 arch/i386/gdt_flush.o
                                 0x37 (size before relaxing)
 .debug_line_str
                0x00000376        0x0 arch/i386/tty.o
                                0x120 (size before relaxing)
 .debug_line_str
                0x00000376        0x0 arch/i386/interrupt_driver.o
                                0x15c (size before relaxing)
 .debug_line_str
                0x00000376        0x0 arch/i386/isr.o
                                 0x31 (size before relaxing)
 .debug_line_str
                0x00000376        0x0 arch/i386/irq.o
                                 0x31 (size before relaxing)
 .debug_line_str
                0x00000376        0x0 arch/i386/keyboard_driver.o
                                0x136 (size before relaxing)
 .debug_line_str
                0x00000376        0x0 kernel/eventqueue.o
                                 0x93 (size before relaxing)
 .debug_line_str
                0x00000376        0x0 kernel/kernel.o
                                0x133 (size before relaxing)
 .debug_line_str
                0x00000376        0x0 kernel/cbuffer.o
                                 0xd6 (size before relaxing)
 .debug_line_str
                0x00000376        0x0 kernel/shell.o
                                0x142 (size before relaxing)
 .debug_line_str
                0x00000376        0x0 kernel/command.o
                                0x13b (size before relaxing)
 .debug_line_str
                0x00000376        0x0 kernel/commands/version.o
                                 0xb6 (size before relaxing)
 .debug_line_str
                0x00000376        0x0 kernel/commands/tty_commands.o
                                 0xa4 (size before relaxing)
 .debug_line_str
                0x00000376        0x0 /home/graeme/source/zenos/sysroot/usr/lib/libk.a(printf.libk.o)
                                 0xdb (size before relaxing)
 .debug_line_str
                0x00000376        0x0 /home/graeme/source/zenos/sysroot/usr/lib/libk.a(putchar.libk.o)
                                 0xee (size before relaxing)
 .debug_line_str
                0x00000376        0x0 /home/graeme/source/zenos/sysroot/usr/lib/libk.a(citoa.libk.o)
                                 0x75 (size before relaxing)
 .debug_line_str
                0x00000376        0x0 /home/graeme/source/zenos/sysroot/usr/lib/libk.a(strlen.libk.o)
                                 0xb2 (size before relaxing)
 .debug_line_str
                0x00000376        0x0 /home/graeme/source/zenos/sysroot/usr/lib/libk.a(strrev.libk.o)
                                 0x67 (size before relaxing)
 .debug_line_str
                0x00000376        0x0 /home/graeme/source/zenos/sysroot/usr/lib/libk.a(strncmp.libk.o)
                                 0xb5 (size before relaxing)
 .debug_line_str
                0x00000376        0x0 arch/i386/crtn.o
                                 0x32 (size before relaxing)

.debug_info     0x00000000     0x385f
 .debug_info    0x00000000       0x23 arch/i386/crti.o
 .debug_info    0x00000023       0x31 arch/i386/boot.o
 .debug_info    0x00000054       0xa1 arch/i386/port_driver.o
 .debug_info    0x000000f5      0x2b2 arch/i386/gdt.o
 .debug_info    0x000003a7       0x24 arch/i386/gdt_flush.o
 .debug_info    0x000003cb      0xa8a arch/i386/tty.o
 .debug_info    0x00000e55      0xd16 arch/i386/interrupt_driver.o
 .debug_info    0x00001b6b       0x25 arch/i386/isr.o
 .debug_info    0x00001b90       0x25 arch/i386/irq.o
 .debug_info    0x00001bb5      0x46f arch/i386/keyboard_driver.o
 .debug_info    0x00002024      0x124 kernel/eventqueue.o
 .debug_info    0x00002148      0x269 kernel/kernel.o
 .debug_info    0x000023b1      0x433 kernel/cbuffer.o
 .debug_info    0x000027e4      0x38e kernel/shell.o
 .debug_info    0x00002b72      0x221 kernel/command.o
 .debug_info    0x00002d93       0x93 kernel/commands/version.o
 .debug_info    0x00002e26       0xc3 kernel/commands/tty_commands.o
 .debug_info    0x00002ee9      0x4fa /home/graeme/source/zenos/sysroot/usr/lib/libk.a(printf.libk.o)
 .debug_info    0x000033e3       0xeb /home/graeme/source/zenos/sysroot/usr/lib/libk.a(putchar.libk.o)
 .debug_info    0x000034ce      0x11e /home/graeme/source/zenos/sysroot/usr/lib/libk.a(citoa.libk.o)
 .debug_info    0x000035ec       0xb2 /home/graeme/source/zenos/sysroot/usr/lib/libk.a(strlen.libk.o)
 .debug_info    0x0000369e       0xb9 /home/graeme/source/zenos/sysroot/usr/lib/libk.a(strrev.libk.o)
 .debug_info    0x00003757       0xe5 /home/graeme/source/zenos/sysroot/usr/lib/libk.a(strncmp.libk.o)
 .debug_info    0x0000383c       0x23 arch/i386/crtn.o

.debug_abbrev   0x00000000     0x16ce
 .debug_abbrev  0x00000000       0x12 arch/i386/crti.o
 .debug_abbrev  0x00000012       0x28 arch/i386/boot.o
 .debug_abbrev  0x0000003a       0x7b arch/i386/port_driver.o
 .debug_abbrev  0x000000b5      0x11a arch/i386/gdt.o
 .debug_abbrev  0x000001cf       0x14 arch/i386/gdt_flush.o
 .debug_abbrev  0x000001e3      0x328 arch/i386/tty.o
 .debug_abbrev  0x0000050b      0x25a arch/i386/interrupt_driver.o
 .debug_abbrev  0x00000765       0x14 arch/i386/isr.o
 .debug_abbrev  0x00000779       0x14 arch/i386/irq.o
 .debug_abbrev  0x0000078d      0x1c5 arch/i386/keyboard_driver.o
 .debug_abbrev  0x00000952      0x102 kernel/eventqueue.o
 .debug_abbrev  0x00000a54      0x11b kernel/kernel.o
 .debug_abbrev  0x00000b6f      0x1e0 kernel/cbuffer.o
 .debug_abbrev  0x00000d4f      0x1a2 kernel/shell.o
 .debug_abbrev  0x00000ef1      0x15d kernel/command.o
 .debug_abbrev  0x0000104e       0x9c kernel/commands/version.o
 .debug_abbrev  0x000010ea       0x7d kernel/commands/tty_commands.o
 .debug_abbrev  0x00001167      0x212 /home/graeme/source/zenos/sysroot/usr/lib/libk.a(printf.libk.o)
 .debug_abbrev  0x00001379       0xab /home/graeme/source/zenos/sysroot/usr/lib/libk.a(putchar.libk.o)
 .debug_abbrev  0x00001424       0xd3 /home/graeme/source/zenos/sysroot/usr/lib/libk.a(citoa.libk.o)
 .debug_abbrev  0x000014f7       0x8e /home/graeme/source/zenos/sysroot/usr/lib/libk.a(strlen.libk.o)
 .debug_abbrev  0x00001585       0xa5 /home/graeme/source/zenos/sysroot/usr/lib/libk.a(strrev.libk.o)
 .debug_abbrev  0x0000162a       0x92 /home/graeme/source/zenos/sysroot/usr/lib/libk.a(strncmp.libk.o)
 .debug_abbrev  0x000016bc       0x12 arch/i386/crtn.o

.debug_aranges  0x00000000      0x350
 .debug_aranges
                0x00000000       0x28 arch/i386/crti.o
 .debug_aranges
                0x00000028       0x20 arch/i386/boot.o
 .debug_aranges
                0x00000048       0x20 arch/i386/port_driver.o
 .debug_aranges
                0x00000068       0x20 arch/i386/gdt.o
 .debug_aranges
                0x00000088       0x20 arch/i386/gdt_flush.o
 .debug_aranges
                0x000000a8       0x20 arch/i386/tty.o
 .debug_aranges
                0x000000c8       0x20 arch/i386/interrupt_driver.o
 .debug_aranges
                0x000000e8       0x20 arch/i386/isr.o
 .debug_aranges
                0x00000108       0x20 arch/i386/irq.o
 .debug_aranges
                0x00000128       0x20 arch/i386/keyboard_driver.o
 .debug_aranges
                0x00000148       0x20 kernel/eventqueue.o
 .debug_aranges
                0x00000168       0x20 kernel/kernel.o
 .debug_aranges
                0x00000188       0x20 kernel/cbuffer.o
 .debug_aranges
                0x000001a8       0x20 kernel/shell.o
 .debug_aranges
                0x000001c8       0x20 kernel/command.o
 .debug_aranges
                0x000001e8       0x20 kernel/commands/version.o
 .debug_aranges
                0x00000208       0x20 kernel/commands/tty_commands.o
 .debug_aranges
                0x00000228       0x20 kernel/pmm/pmm.o
 .debug_aranges
                0x00000248       0x20 kernel/pmm/pmm_tests.o
 .debug_aranges
                0x00000268       0x20 /home/graeme/source/zenos/sysroot/usr/lib/libk.a(printf.libk.o)
 .debug_aranges
                0x00000288       0x20 /home/graeme/source/zenos/sysroot/usr/lib/libk.a(putchar.libk.o)
 .debug_aranges
                0x000002a8       0x20 /home/graeme/source/zenos/sysroot/usr/lib/libk.a(citoa.libk.o)
 .debug_aranges
                0x000002c8       0x20 /home/graeme/source/zenos/sysroot/usr/lib/libk.a(strlen.libk.o)
 .debug_aranges
                0x000002e8       0x20 /home/graeme/source/zenos/sysroot/usr/lib/libk.a(strrev.libk.o)
 .debug_aranges
                0x00000308       0x20 /home/graeme/source/zenos/sysroot/usr/lib/libk.a(strncmp.libk.o)
 .debug_aranges
                0x00000328       0x28 arch/i386/crtn.o

.debug_str      0x00000000      0xaa4
 .debug_str     0x00000000      0xaa4 arch/i386/crti.o
                                 0x41 (size before relaxing)
 .debug_str     0x00000aa4        0x0 arch/i386/boot.o
                                 0x48 (size before relaxing)
 .debug_str     0x00000aa4        0x0 arch/i386/port_driver.o
                                 0x9e (size before relaxing)
 .debug_str     0x00000aa4        0x0 arch/i386/gdt.o
                                0x170 (size before relaxing)
 .debug_str     0x00000aa4        0x0 arch/i386/gdt_flush.o
                                 0x46 (size before relaxing)
 .debug_str     0x00000aa4        0x0 arch/i386/tty.o
                                0x451 (size before relaxing)
 .debug_str     0x00000aa4        0x0 arch/i386/interrupt_driver.o
                                0x341 (size before relaxing)
 .debug_str     0x00000aa4        0x0 arch/i386/isr.o
                                 0x40 (size before relaxing)
 .debug_str     0x00000aa4        0x0 arch/i386/irq.o
                                 0x40 (size before relaxing)
 .debug_str     0x00000aa4        0x0 arch/i386/keyboard_driver.o
                                0x3c6 (size before relaxing)
 .debug_str     0x00000aa4        0x0 kernel/eventqueue.o
                                0x12a (size before relaxing)
 .debug_str     0x00000aa4        0x0 kernel/kernel.o
                                0x2ac (size before relaxing)
 .debug_str     0x00000aa4        0x0 kernel/cbuffer.o
                                0x1d1 (size before relaxing)
 .debug_str     0x00000aa4        0x0 kernel/shell.o
                                0x256 (size before relaxing)
 .debug_str     0x00000aa4        0x0 kernel/command.o
                                0x17f (size before relaxing)
 .debug_str     0x00000aa4        0x0 kernel/commands/version.o
                                 0x71 (size before relaxing)
 .debug_str     0x00000aa4        0x0 kernel/commands/tty_commands.o
                                0x115 (size before relaxing)
 .debug_str     0x00000aa4        0x0 /home/graeme/source/zenos/sysroot/usr/lib/libk.a(printf.libk.o)
                                0x170 (size before relaxing)
 .debug_str     0x00000aa4        0x0 /home/graeme/source/zenos/sysroot/usr/lib/libk.a(putchar.libk.o)
                                0x10e (size before relaxing)
 .debug_str     0x00000aa4        0x0 /home/graeme/source/zenos/sysroot/usr/lib/libk.a(citoa.libk.o)
                                 0xb9 (size before relaxing)
 .debug_str     0x00000aa4        0x0 /home/graeme/source/zenos/sysroot/usr/lib/libk.a(strlen.libk.o)
                                 0xa3 (size before relaxing)
 .debug_str     0x00000aa4        0x0 /home/graeme/source/zenos/sysroot/usr/lib/libk.a(strrev.libk.o)
                                 0x70 (size before relaxing)
 .debug_str     0x00000aa4        0x0 /home/graeme/source/zenos/sysroot/usr/lib/libk.a(strncmp.libk.o)
                                 0xb2 (size before relaxing)
 .debug_str     0x00000aa4        0x0 arch/i386/crtn.o
                                 0x41 (size before relaxing)

.debug_rnglists
                0x00000000      0x453
 .debug_rnglists
                0x00000000       0x19 arch/i386/crti.o
 .debug_rnglists
                0x00000019       0xbe arch/i386/tty.o
 .debug_rnglists
                0x000000d7      0x236 arch/i386/interrupt_driver.o
 .debug_rnglists
                0x0000030d       0x13 arch/i386/keyboard_driver.o
 .debug_rnglists
                0x00000320       0x27 kernel/cbuffer.o
 .debug_rnglists
                0x00000347       0x2a kernel/shell.o
 .debug_rnglists
                0x00000371       0xc9 /home/graeme/source/zenos/sysroot/usr/lib/libk.a(printf.libk.o)
 .debug_rnglists
                0x0000043a       0x19 arch/i386/crtn.o

.comment        0x00000000       0x12
 .comment       0x00000000       0x12 arch/i386/crtbegin.o
                                 0x13 (size before relaxing)
 .comment       0x00000012        0x0 arch/i386/port_driver.o
                                 0x13 (size before relaxing)
 .comment       0x00000012        0x0 arch/i386/gdt.o
                                 0x13 (size before relaxing)
 .comment       0x00000012        0x0 arch/i386/tty.o
                                 0x13 (size before relaxing)
 .comment       0x00000012        0x0 arch/i386/interrupt_driver.o
                                 0x13 (size before relaxing)
 .comment       0x00000012        0x0 arch/i386/keyboard_driver.o
                                 0x13 (size before relaxing)
 .comment       0x00000012        0x0 kernel/eventqueue.o
                                 0x13 (size before relaxing)
 .comment       0x00000012        0x0 kernel/kernel.o
                                 0x13 (size before relaxing)
 .comment       0x00000012        0x0 kernel/cbuffer.o
                                 0x13 (size before relaxing)
 .comment       0x00000012        0x0 kernel/shell.o
                                 0x13 (size before relaxing)
 .comment       0x00000012        0x0 kernel/command.o
                                 0x13 (size before relaxing)
 .comment       0x00000012        0x0 kernel/commands/version.o
                                 0x13 (size before relaxing)
 .comment       0x00000012        0x0 kernel/commands/tty_commands.o
                                 0x13 (size before relaxing)
 .comment       0x00000012        0x0 /home/graeme/source/zenos/sysroot/usr/lib/libk.a(printf.libk.o)
                                 0x13 (size before relaxing)
 .comment       0x00000012        0x0 /home/graeme/source/zenos/sysroot/usr/lib/libk.a(putchar.libk.o)
                                 0x13 (size before relaxing)
 .comment       0x00000012        0x0 /home/graeme/source/zenos/sysroot/usr/lib/libk.a(citoa.libk.o)
                                 0x13 (size before relaxing)
 .comment       0x00000012        0x0 /home/graeme/source/zenos/sysroot/usr/lib/libk.a(strlen.libk.o)
                                 0x13 (size before relaxing)
 .comment       0x00000012        0x0 /home/graeme/source/zenos/sysroot/usr/lib/libk.a(strrev.libk.o)
                                 0x13 (size before relaxing)
 .comment       0x00000012        0x0 /home/graeme/source/zenos/sysroot/usr/lib/libk.a(strncmp.libk.o)
                                 0x13 (size before relaxing)
 .comment       0x00000012        0x0 arch/i386/crtend.o
                                 0x13 (size before relaxing)

.debug_loclists
                0x00000000      0xeec
 .debug_loclists
                0x00000000       0x14 arch/i386/port_driver.o
 .debug_loclists
                0x00000014       0x75 arch/i386/gdt.o
 .debug_loclists
                0x00000089      0x38d arch/i386/tty.o
 .debug_loclists
                0x00000416      0x234 arch/i386/interrupt_driver.o
 .debug_loclists
                0x0000064a       0x4e arch/i386/keyboard_driver.o
 .debug_loclists
                0x00000698      0x196 kernel/cbuffer.o
 .debug_loclists
                0x0000082e       0x32 kernel/shell.o
 .debug_loclists
                0x00000860       0x36 kernel/command.o
 .debug_loclists
                0x00000896      0x446 /home/graeme/source/zenos/sysroot/usr/lib/libk.a(printf.libk.o)
 .debug_loclists
                0x00000cdc       0xf2 /home/graeme/source/zenos/sysroot/usr/lib/libk.a(citoa.libk.o)
 .debug_loclists
                0x00000dce       0x2c /home/graeme/source/zenos/sysroot/usr/lib/libk.a(strlen.libk.o)
 .debug_loclists
                0x00000dfa       0x4d /home/graeme/source/zenos/sysroot/usr/lib/libk.a(strrev.libk.o)
 .debug_loclists
                0x00000e47       0xa5 /home/graeme/source/zenos/sysroot/usr/lib/libk.a(strncmp.libk.o)

.debug_frame    0x00000000      0x888
 .debug_frame   0x00000000       0x54 arch/i386/port_driver.o
 .debug_frame   0x00000054       0x34 arch/i386/gdt.o
 .debug_frame   0x00000088      0x21c arch/i386/tty.o
 .debug_frame   0x000002a4       0xc0 arch/i386/interrupt_driver.o
 .debug_frame   0x00000364       0x64 arch/i386/keyboard_driver.o
 .debug_frame   0x000003c8       0x34 kernel/eventqueue.o
 .debug_frame   0x000003fc       0x4c kernel/kernel.o
 .debug_frame   0x00000448      0x160 kernel/cbuffer.o
 .debug_frame   0x000005a8       0x68 kernel/shell.o
 .debug_frame   0x00000610       0x68 kernel/command.o
 .debug_frame   0x00000678       0x34 kernel/commands/version.o
 .debug_frame   0x000006ac       0x34 kernel/commands/tty_commands.o
 .debug_frame   0x000006e0       0x70 /home/graeme/source/zenos/sysroot/usr/lib/libk.a(printf.libk.o)
 .debug_frame   0x00000750       0x34 /home/graeme/source/zenos/sysroot/usr/lib/libk.a(putchar.libk.o)
 .debug_frame   0x00000784       0x4c /home/graeme/source/zenos/sysroot/usr/lib/libk.a(citoa.libk.o)
 .debug_frame   0x000007d0       0x34 /home/graeme/source/zenos/sysroot/usr/lib/libk.a(strlen.libk.o)
 .debug_frame   0x00000804       0x3c /home/graeme/source/zenos/sysroot/usr/lib/libk.a(strrev.libk.o)
 .debug_frame   0x00000840       0x48 /home/graeme/source/zenos/sysroot/usr/lib/libk.a(strncmp.libk.o)
