Archive member included to satisfy reference by file (symbol)

/home/graeme/source/zenos/sysroot/usr/lib/libk.a(printf.libk.o)
                              arch/i386/interrupt_driver.o (printf)
/home/graeme/source/zenos/sysroot/usr/lib/libk.a(putchar.libk.o)
                              /home/graeme/source/zenos/sysroot/usr/lib/libk.a(printf.libk.o) (putchar)
/home/graeme/source/zenos/sysroot/usr/lib/libk.a(citoa.libk.o)
                              /home/graeme/source/zenos/sysroot/usr/lib/libk.a(printf.libk.o) (citoa)
/home/graeme/source/zenos/sysroot/usr/lib/libk.a(strlen.libk.o)
                              arch/i386/tty.o (strlen)
/home/graeme/source/zenos/sysroot/usr/lib/libk.a(strrev.libk.o)
                              /home/graeme/source/zenos/sysroot/usr/lib/libk.a(citoa.libk.o) (reverse)

There are no discarded input sections

Memory Configuration

Name             Origin             Length             Attributes
*default*        0x00000000         0xffffffff

Linker script and memory map

LOAD arch/i386/crti.o
LOAD arch/i386/crtbegin.o
LOAD arch/i386/boot.o
LOAD arch/i386/port_driver.o
LOAD arch/i386/gdt.o
LOAD arch/i386/gdt_flush.o
LOAD arch/i386/tty.o
LOAD arch/i386/interrupt_driver.o
LOAD arch/i386/isr.o
LOAD arch/i386/irq.o
LOAD arch/i386/keyboard_driver.o
LOAD kernel/kernel.o
LOAD kernel/cbuffer.o
LOAD /home/graeme/source/zenos/sysroot/usr/lib/libk.a
LOAD /home/graeme/opt/cross/lib/gcc/i686-elf/14.2.0/libgcc.a
LOAD arch/i386/crtend.o
LOAD arch/i386/crtn.o
                0x00100000                        . = 0x100000

.text           0x00100000     0x17b9
 *(.multiboot)
 .multiboot     0x00100000        0xc arch/i386/boot.o
 *(.text)
 .text          0x0010000c        0x0 arch/i386/crti.o
 *fill*         0x0010000c        0x4 
 .text          0x00100010      0x135 arch/i386/crtbegin.o
 .text          0x00100145       0x24 arch/i386/boot.o
                0x00100145                _start
 *fill*         0x00100169        0x7 
 .text          0x00100170       0x1e arch/i386/port_driver.o
                0x00100170                port_byte_in
                0x00100180                port_byte_out
 *fill*         0x0010018e        0x2 
 .text          0x00100190       0x66 arch/i386/gdt.o
                0x00100190                gdt_install
 .text          0x001001f6       0x1d arch/i386/gdt_flush.o
                0x001001f6                gdt_flush
 *fill*         0x00100213        0xd 
 .text          0x00100220      0x486 arch/i386/tty.o
                0x00100220                terminal_cursor_type
                0x00100230                terminal_setcolor
                0x00100240                terminal_putentryat
                0x00100270                terminal_putchar
                0x001003a0                terminal_write
                0x00100430                terminal_writestring
                0x00100460                terminal_nl
                0x001004e0                terminal_cursor_enable
                0x00100560                terminal_initialize
                0x001005d0                terminal_cursor_disable
                0x00100600                terminal_cursor_put
                0x00100660                terminal_cursor_get
 *fill*         0x001006a6        0xa 
 .text          0x001006b0      0x75f arch/i386/interrupt_driver.o
                0x001006b0                irq_handler
                0x00100710                isr_handler
                0x00100740                set_idt_gate
                0x00100780                install_interrupts
                0x00100dd0                register_interrupt_handler
                0x00100df0                load_idt
 .text          0x00100e0f       0xf2 arch/i386/isr.o
                0x00100e0f                isr0
                0x00100e18                isr1
                0x00100e21                isr2
                0x00100e2a                isr3
                0x00100e33                isr4
                0x00100e3c                isr5
                0x00100e45                isr6
                0x00100e4e                isr7
                0x00100e57                isr8
                0x00100e5b                isr9
                0x00100e61                isr10
                0x00100e65                isr11
                0x00100e69                isr12
                0x00100e6d                isr13
                0x00100e71                isr14
                0x00100e75                isr15
                0x00100e7b                isr16
                0x00100e81                isr17
                0x00100e85                isr18
                0x00100e8b                isr19
                0x00100e91                isr20
                0x00100e97                isr21
                0x00100e9d                isr22
                0x00100ea3                isr23
                0x00100ea9                isr24
                0x00100eaf                isr25
                0x00100eb5                isr26
                0x00100ebb                isr27
                0x00100ec1                isr28
                0x00100ec7                isr29
                0x00100ecd                isr30
                0x00100ed3                isr31
                0x00100ed9                isr_common_stub
 .text          0x00100f01      0x106 arch/i386/irq.o
                0x00100f01                irq0
                0x00100f0a                irq1
                0x00100f13                irq2
                0x00100f1c                irq3
                0x00100f25                irq4
                0x00100f2e                irq5
                0x00100f37                irq6
                0x00100f40                irq7
                0x00100f49                irq8
                0x00100f52                irq9
                0x00100f5b                irq10
                0x00100f61                irq11
                0x00100f67                irq12
                0x00100f6d                irq13
                0x00100f73                irq14
                0x00100f79                irq15
                0x00100f7f                irq16
                0x00100f85                irq17
                0x00100f8b                irq18
                0x00100f91                irq19
                0x00100f97                irq20
                0x00100f9d                irq21
                0x00100fa3                irq22
                0x00100fa9                irq23
                0x00100faf                irq24
                0x00100fb5                irq25
                0x00100fbb                irq26
                0x00100fc1                irq27
                0x00100fc7                irq28
                0x00100fcd                irq29
                0x00100fd3                irq30
                0x00100fd9                irq31
                0x00100fdf                irq_common_stub
 *fill*         0x00101007        0x9 
 .text          0x00101010       0xcf arch/i386/keyboard_driver.o
                0x001010c0                keyboard_init
 *fill*         0x001010df        0x1 
 .text          0x001010e0       0xd7 kernel/kernel.o
                0x001010e0                hang_message
                0x00101100                kernel_main
 *fill*         0x001011b7        0x9 
 .text          0x001011c0       0x7f kernel/cbuffer.o
                0x001011c0                cbuffer_initialise
                0x001011e0                cbuffer_add
                0x00101230                cbuffer_isFull
 *fill*         0x0010123f        0x1 
 .text          0x00101240      0x3e4 /home/graeme/source/zenos/sysroot/usr/lib/libk.a(printf.libk.o)
                0x00101240                printf
 *fill*         0x00101624        0xc 
 .text          0x00101630       0x1f /home/graeme/source/zenos/sysroot/usr/lib/libk.a(putchar.libk.o)
                0x00101630                putchar
 *fill*         0x0010164f       0x11 
 .text          0x00101660       0xaa /home/graeme/source/zenos/sysroot/usr/lib/libk.a(citoa.libk.o)
                0x00101660                citoa
 *fill*         0x0010170a        0x6 
 .text          0x00101710       0x1b /home/graeme/source/zenos/sysroot/usr/lib/libk.a(strlen.libk.o)
                0x00101710                strlen
 *fill*         0x0010172b       0x15 
 .text          0x00101740       0x3e /home/graeme/source/zenos/sysroot/usr/lib/libk.a(strrev.libk.o)
                0x00101740                reverse
 *fill*         0x0010177e        0x2 
 .text          0x00101780       0x39 arch/i386/crtend.o
 .text          0x001017b9        0x0 arch/i386/crtn.o

.init           0x001017b9        0xf
 .init          0x001017b9        0x3 arch/i386/crti.o
                0x001017b9                _init
 .init          0x001017bc        0x5 arch/i386/crtbegin.o
 .init          0x001017c1        0x5 arch/i386/crtend.o
 .init          0x001017c6        0x2 arch/i386/crtn.o

.fini           0x001017c8        0xa
 .fini          0x001017c8        0x3 arch/i386/crti.o
                0x001017c8                _fini
 .fini          0x001017cb        0x5 arch/i386/crtbegin.o
 .fini          0x001017d0        0x2 arch/i386/crtn.o

.iplt           0x001017d2        0x0
 .iplt          0x001017d2        0x0 arch/i386/crti.o

.rodata         0x00102000      0x1a4
 *(.rodata)
 .rodata        0x00102000        0xa arch/i386/tty.o
 *fill*         0x0010200a       0x16 
 .rodata        0x00102020      0x100 arch/i386/keyboard_driver.o
 .rodata        0x00102120       0x84 /home/graeme/source/zenos/sysroot/usr/lib/libk.a(printf.libk.o)

.eh_frame       0x001021a4        0x4
 .eh_frame      0x001021a4        0x0 arch/i386/crtbegin.o
 .eh_frame      0x001021a4        0x4 arch/i386/crtend.o

.rodata.str1.1  0x001021a8      0x271
 .rodata.str1.1
                0x001021a8      0x271 arch/i386/tty.o
                                  0x3 (size before relaxing)
 .rodata.str1.1
                0x00102419      0x1f0 arch/i386/interrupt_driver.o
 .rodata.str1.1
                0x00102419       0x81 kernel/kernel.o

.rodata.str1.4  0x0010241c       0x68
 .rodata.str1.4
                0x0010241c       0x68 arch/i386/interrupt_driver.o
                                 0x1f (size before relaxing)
 .rodata.str1.4
                0x00102484       0x48 kernel/kernel.o

.rel.dyn        0x00102484        0x0
 .rel.got       0x00102484        0x0 arch/i386/crti.o
 .rel.iplt      0x00102484        0x0 arch/i386/crti.o
 .rel.text      0x00102484        0x0 arch/i386/crti.o

.data           0x00103000       0xa0
 *(.data)
 .data          0x00103000        0x0 arch/i386/crti.o
 .data          0x00103000        0x4 arch/i386/crtbegin.o
                0x00103000                __dso_handle
 .data          0x00103004        0x8 arch/i386/boot.o
                0x00103004                linked_label_addr
                0x00103008                actual_eip
 .data          0x0010300c        0x0 arch/i386/port_driver.o
 .data          0x0010300c        0x0 arch/i386/gdt.o
 .data          0x0010300c        0x0 arch/i386/gdt_flush.o
 .data          0x0010300c        0x0 arch/i386/tty.o
 *fill*         0x0010300c       0x14 
 .data          0x00103020       0x80 arch/i386/interrupt_driver.o
                0x00103020                exception_messages
 .data          0x001030a0        0x0 arch/i386/isr.o
 .data          0x001030a0        0x0 arch/i386/irq.o
 .data          0x001030a0        0x0 arch/i386/keyboard_driver.o
 .data          0x001030a0        0x0 kernel/kernel.o
 .data          0x001030a0        0x0 kernel/cbuffer.o
 .data          0x001030a0        0x0 /home/graeme/source/zenos/sysroot/usr/lib/libk.a(printf.libk.o)
 .data          0x001030a0        0x0 /home/graeme/source/zenos/sysroot/usr/lib/libk.a(putchar.libk.o)
 .data          0x001030a0        0x0 /home/graeme/source/zenos/sysroot/usr/lib/libk.a(citoa.libk.o)
 .data          0x001030a0        0x0 /home/graeme/source/zenos/sysroot/usr/lib/libk.a(strlen.libk.o)
 .data          0x001030a0        0x0 /home/graeme/source/zenos/sysroot/usr/lib/libk.a(strrev.libk.o)
 .data          0x001030a0        0x0 arch/i386/crtend.o
 .data          0x001030a0        0x0 arch/i386/crtn.o

.got            0x001030a0        0x0
 .got           0x001030a0        0x0 arch/i386/crti.o

.got.plt        0x001030a0        0x0
 .got.plt       0x001030a0        0x0 arch/i386/crti.o

.igot.plt       0x001030a0        0x0
 .igot.plt      0x001030a0        0x0 arch/i386/crti.o

.ctors          0x001030a0        0x8
 .ctors         0x001030a0        0x4 arch/i386/crtbegin.o
 .ctors         0x001030a4        0x4 arch/i386/crtend.o

.dtors          0x001030a8        0x8
 .dtors         0x001030a8        0x4 arch/i386/crtbegin.o
 .dtors         0x001030ac        0x4 arch/i386/crtend.o
                0x001030ac                __DTOR_END__

.tm_clone_table
                0x001030b0        0x0
 .tm_clone_table
                0x001030b0        0x0 arch/i386/crtbegin.o
 .tm_clone_table
                0x001030b0        0x0 arch/i386/crtend.o

.bss            0x00104000     0x4d00
 *(COMMON)
 *(.bss)
 .bss           0x00104000        0x0 arch/i386/crti.o
 .bss           0x00104000       0x20 arch/i386/crtbegin.o
 .bss           0x00104020     0x4000 arch/i386/boot.o
 .bss           0x00108020        0x0 arch/i386/port_driver.o
 .bss           0x00108020       0x20 arch/i386/gdt.o
                0x00108020                gp
                0x00108028                gdt
 .bss           0x00108040        0x0 arch/i386/gdt_flush.o
 .bss           0x00108040       0x14 arch/i386/tty.o
 *fill*         0x00108054        0xc 
 .bss           0x00108060      0xc20 arch/i386/interrupt_driver.o
                0x00108060                idt_reg
                0x00108080                interrupt_handlers
                0x00108480                idt
 .bss           0x00108c80        0x0 arch/i386/isr.o
 .bss           0x00108c80        0x0 arch/i386/irq.o
 .bss           0x00108c80        0x4 arch/i386/keyboard_driver.o
                0x00108c80                isShift
 .bss           0x00108c84        0x0 kernel/kernel.o
 *fill*         0x00108c84       0x1c 
 .bss           0x00108ca0       0x60 kernel/cbuffer.o
 .bss           0x00108d00        0x0 /home/graeme/source/zenos/sysroot/usr/lib/libk.a(printf.libk.o)
 .bss           0x00108d00        0x0 /home/graeme/source/zenos/sysroot/usr/lib/libk.a(putchar.libk.o)
 .bss           0x00108d00        0x0 /home/graeme/source/zenos/sysroot/usr/lib/libk.a(citoa.libk.o)
 .bss           0x00108d00        0x0 /home/graeme/source/zenos/sysroot/usr/lib/libk.a(strlen.libk.o)
 .bss           0x00108d00        0x0 /home/graeme/source/zenos/sysroot/usr/lib/libk.a(strrev.libk.o)
 .bss           0x00108d00        0x0 arch/i386/crtend.o
 .bss           0x00108d00        0x0 arch/i386/crtn.o
OUTPUT(zenos.kernel elf32-i386)

.debug_line     0x00000000     0x1a61
 .debug_line    0x00000000       0x58 arch/i386/crti.o
 .debug_line    0x00000058       0x52 arch/i386/boot.o
 .debug_line    0x000000aa       0x71 arch/i386/port_driver.o
 .debug_line    0x0000011b       0xdf arch/i386/gdt.o
 .debug_line    0x000001fa       0x50 arch/i386/gdt_flush.o
 .debug_line    0x0000024a      0x42b arch/i386/tty.o
 .debug_line    0x00000675      0x8dc arch/i386/interrupt_driver.o
 .debug_line    0x00000f51       0xb5 arch/i386/isr.o
 .debug_line    0x00001006       0xbc arch/i386/irq.o
 .debug_line    0x000010c2      0x102 arch/i386/keyboard_driver.o
 .debug_line    0x000011c4       0xc6 kernel/kernel.o
 .debug_line    0x0000128a       0xa9 kernel/cbuffer.o
 .debug_line    0x00001333      0x45b /home/graeme/source/zenos/sysroot/usr/lib/libk.a(printf.libk.o)
 .debug_line    0x0000178e       0x78 /home/graeme/source/zenos/sysroot/usr/lib/libk.a(putchar.libk.o)
 .debug_line    0x00001806       0xf5 /home/graeme/source/zenos/sysroot/usr/lib/libk.a(citoa.libk.o)
 .debug_line    0x000018fb       0x78 /home/graeme/source/zenos/sysroot/usr/lib/libk.a(strlen.libk.o)
 .debug_line    0x00001973       0x98 /home/graeme/source/zenos/sysroot/usr/lib/libk.a(strrev.libk.o)
 .debug_line    0x00001a0b       0x56 arch/i386/crtn.o

.debug_line_str
                0x00000000      0x29f
 .debug_line_str
                0x00000000      0x29f arch/i386/crti.o
                                 0x32 (size before relaxing)
 .debug_line_str
                0x0000029f       0x32 arch/i386/boot.o
 .debug_line_str
                0x0000029f       0x80 arch/i386/port_driver.o
 .debug_line_str
                0x0000029f       0xac arch/i386/gdt.o
 .debug_line_str
                0x0000029f       0x37 arch/i386/gdt_flush.o
 .debug_line_str
                0x0000029f      0x115 arch/i386/tty.o
 .debug_line_str
                0x0000029f      0x151 arch/i386/interrupt_driver.o
 .debug_line_str
                0x0000029f       0x31 arch/i386/isr.o
 .debug_line_str
                0x0000029f       0x31 arch/i386/irq.o
 .debug_line_str
                0x0000029f      0x12b arch/i386/keyboard_driver.o
 .debug_line_str
                0x0000029f      0x12f kernel/kernel.o
 .debug_line_str
                0x0000029f       0x6e kernel/cbuffer.o
 .debug_line_str
                0x0000029f       0xd0 /home/graeme/source/zenos/sysroot/usr/lib/libk.a(printf.libk.o)
 .debug_line_str
                0x0000029f       0xe3 /home/graeme/source/zenos/sysroot/usr/lib/libk.a(putchar.libk.o)
 .debug_line_str
                0x0000029f       0x75 /home/graeme/source/zenos/sysroot/usr/lib/libk.a(citoa.libk.o)
 .debug_line_str
                0x0000029f       0xa7 /home/graeme/source/zenos/sysroot/usr/lib/libk.a(strlen.libk.o)
 .debug_line_str
                0x0000029f       0x67 /home/graeme/source/zenos/sysroot/usr/lib/libk.a(strrev.libk.o)
 .debug_line_str
                0x0000029f       0x32 arch/i386/crtn.o

.debug_info     0x00000000     0x2948
 .debug_info    0x00000000       0x23 arch/i386/crti.o
 .debug_info    0x00000023       0x31 arch/i386/boot.o
 .debug_info    0x00000054       0xa1 arch/i386/port_driver.o
 .debug_info    0x000000f5      0x2b2 arch/i386/gdt.o
 .debug_info    0x000003a7       0x24 arch/i386/gdt_flush.o
 .debug_info    0x000003cb      0x841 arch/i386/tty.o
 .debug_info    0x00000c0c      0xd16 arch/i386/interrupt_driver.o
 .debug_info    0x00001922       0x25 arch/i386/isr.o
 .debug_info    0x00001947       0x25 arch/i386/irq.o
 .debug_info    0x0000196c      0x3d7 arch/i386/keyboard_driver.o
 .debug_info    0x00001d43      0x256 kernel/kernel.o
 .debug_info    0x00001f99      0x11a kernel/cbuffer.o
 .debug_info    0x000020b3      0x4fe /home/graeme/source/zenos/sysroot/usr/lib/libk.a(printf.libk.o)
 .debug_info    0x000025b1       0xeb /home/graeme/source/zenos/sysroot/usr/lib/libk.a(putchar.libk.o)
 .debug_info    0x0000269c      0x11e /home/graeme/source/zenos/sysroot/usr/lib/libk.a(citoa.libk.o)
 .debug_info    0x000027ba       0xb2 /home/graeme/source/zenos/sysroot/usr/lib/libk.a(strlen.libk.o)
 .debug_info    0x0000286c       0xb9 /home/graeme/source/zenos/sysroot/usr/lib/libk.a(strrev.libk.o)
 .debug_info    0x00002925       0x23 arch/i386/crtn.o

.debug_abbrev   0x00000000      0xfe4
 .debug_abbrev  0x00000000       0x12 arch/i386/crti.o
 .debug_abbrev  0x00000012       0x28 arch/i386/boot.o
 .debug_abbrev  0x0000003a       0x7b arch/i386/port_driver.o
 .debug_abbrev  0x000000b5      0x11a arch/i386/gdt.o
 .debug_abbrev  0x000001cf       0x14 arch/i386/gdt_flush.o
 .debug_abbrev  0x000001e3      0x302 arch/i386/tty.o
 .debug_abbrev  0x000004e5      0x25a arch/i386/interrupt_driver.o
 .debug_abbrev  0x0000073f       0x14 arch/i386/isr.o
 .debug_abbrev  0x00000753       0x14 arch/i386/irq.o
 .debug_abbrev  0x00000767      0x1c4 arch/i386/keyboard_driver.o
 .debug_abbrev  0x0000092b      0x11d kernel/kernel.o
 .debug_abbrev  0x00000a48       0xc9 kernel/cbuffer.o
 .debug_abbrev  0x00000b11      0x210 /home/graeme/source/zenos/sysroot/usr/lib/libk.a(printf.libk.o)
 .debug_abbrev  0x00000d21       0xab /home/graeme/source/zenos/sysroot/usr/lib/libk.a(putchar.libk.o)
 .debug_abbrev  0x00000dcc       0xd3 /home/graeme/source/zenos/sysroot/usr/lib/libk.a(citoa.libk.o)
 .debug_abbrev  0x00000e9f       0x8e /home/graeme/source/zenos/sysroot/usr/lib/libk.a(strlen.libk.o)
 .debug_abbrev  0x00000f2d       0xa5 /home/graeme/source/zenos/sysroot/usr/lib/libk.a(strrev.libk.o)
 .debug_abbrev  0x00000fd2       0x12 arch/i386/crtn.o

.debug_aranges  0x00000000      0x250
 .debug_aranges
                0x00000000       0x28 arch/i386/crti.o
 .debug_aranges
                0x00000028       0x20 arch/i386/boot.o
 .debug_aranges
                0x00000048       0x20 arch/i386/port_driver.o
 .debug_aranges
                0x00000068       0x20 arch/i386/gdt.o
 .debug_aranges
                0x00000088       0x20 arch/i386/gdt_flush.o
 .debug_aranges
                0x000000a8       0x20 arch/i386/tty.o
 .debug_aranges
                0x000000c8       0x20 arch/i386/interrupt_driver.o
 .debug_aranges
                0x000000e8       0x20 arch/i386/isr.o
 .debug_aranges
                0x00000108       0x20 arch/i386/irq.o
 .debug_aranges
                0x00000128       0x20 arch/i386/keyboard_driver.o
 .debug_aranges
                0x00000148       0x20 kernel/kernel.o
 .debug_aranges
                0x00000168       0x20 kernel/cbuffer.o
 .debug_aranges
                0x00000188       0x20 /home/graeme/source/zenos/sysroot/usr/lib/libk.a(printf.libk.o)
 .debug_aranges
                0x000001a8       0x20 /home/graeme/source/zenos/sysroot/usr/lib/libk.a(putchar.libk.o)
 .debug_aranges
                0x000001c8       0x20 /home/graeme/source/zenos/sysroot/usr/lib/libk.a(citoa.libk.o)
 .debug_aranges
                0x000001e8       0x20 /home/graeme/source/zenos/sysroot/usr/lib/libk.a(strlen.libk.o)
 .debug_aranges
                0x00000208       0x20 /home/graeme/source/zenos/sysroot/usr/lib/libk.a(strrev.libk.o)
 .debug_aranges
                0x00000228       0x28 arch/i386/crtn.o

.debug_str      0x00000000      0x851
 .debug_str     0x00000000      0x851 arch/i386/crti.o
                                 0x3e (size before relaxing)
 .debug_str     0x00000851       0x45 arch/i386/boot.o
 .debug_str     0x00000851       0x9e arch/i386/port_driver.o
 .debug_str     0x00000851      0x170 arch/i386/gdt.o
 .debug_str     0x00000851       0x43 arch/i386/gdt_flush.o
 .debug_str     0x00000851      0x425 arch/i386/tty.o
 .debug_str     0x00000851      0x341 arch/i386/interrupt_driver.o
 .debug_str     0x00000851       0x3d arch/i386/isr.o
 .debug_str     0x00000851       0x3d arch/i386/irq.o
 .debug_str     0x00000851      0x36c arch/i386/keyboard_driver.o
 .debug_str     0x00000851      0x2b1 kernel/kernel.o
 .debug_str     0x00000851      0x124 kernel/cbuffer.o
 .debug_str     0x00000851      0x170 /home/graeme/source/zenos/sysroot/usr/lib/libk.a(printf.libk.o)
 .debug_str     0x00000851      0x10e /home/graeme/source/zenos/sysroot/usr/lib/libk.a(putchar.libk.o)
 .debug_str     0x00000851       0xb9 /home/graeme/source/zenos/sysroot/usr/lib/libk.a(citoa.libk.o)
 .debug_str     0x00000851       0xa3 /home/graeme/source/zenos/sysroot/usr/lib/libk.a(strlen.libk.o)
 .debug_str     0x00000851       0x70 /home/graeme/source/zenos/sysroot/usr/lib/libk.a(strrev.libk.o)
 .debug_str     0x00000851       0x3e arch/i386/crtn.o

.debug_rnglists
                0x00000000      0x3b8
 .debug_rnglists
                0x00000000       0x19 arch/i386/crti.o
 .debug_rnglists
                0x00000019       0x73 arch/i386/tty.o
 .debug_rnglists
                0x0000008c      0x236 arch/i386/interrupt_driver.o
 .debug_rnglists
                0x000002c2       0x14 arch/i386/keyboard_driver.o
 .debug_rnglists
                0x000002d6       0xc9 /home/graeme/source/zenos/sysroot/usr/lib/libk.a(printf.libk.o)
 .debug_rnglists
                0x0000039f       0x19 arch/i386/crtn.o

.comment        0x00000000       0x12
 .comment       0x00000000       0x12 arch/i386/crtbegin.o
                                 0x13 (size before relaxing)
 .comment       0x00000012       0x13 arch/i386/port_driver.o
 .comment       0x00000012       0x13 arch/i386/gdt.o
 .comment       0x00000012       0x13 arch/i386/tty.o
 .comment       0x00000012       0x13 arch/i386/interrupt_driver.o
 .comment       0x00000012       0x13 arch/i386/keyboard_driver.o
 .comment       0x00000012       0x13 kernel/kernel.o
 .comment       0x00000012       0x13 kernel/cbuffer.o
 .comment       0x00000012       0x13 /home/graeme/source/zenos/sysroot/usr/lib/libk.a(printf.libk.o)
 .comment       0x00000012       0x13 /home/graeme/source/zenos/sysroot/usr/lib/libk.a(putchar.libk.o)
 .comment       0x00000012       0x13 /home/graeme/source/zenos/sysroot/usr/lib/libk.a(citoa.libk.o)
 .comment       0x00000012       0x13 /home/graeme/source/zenos/sysroot/usr/lib/libk.a(strlen.libk.o)
 .comment       0x00000012       0x13 /home/graeme/source/zenos/sysroot/usr/lib/libk.a(strrev.libk.o)
 .comment       0x00000012       0x13 arch/i386/crtend.o

.debug_loclists
                0x00000000      0xc93
 .debug_loclists
                0x00000000       0x14 arch/i386/port_driver.o
 .debug_loclists
                0x00000014       0x75 arch/i386/gdt.o
 .debug_loclists
                0x00000089      0x220 arch/i386/tty.o
 .debug_loclists
                0x000002a9      0x234 arch/i386/interrupt_driver.o
 .debug_loclists
                0x000004dd       0x52 arch/i386/keyboard_driver.o
 .debug_loclists
                0x0000052f      0x5dc /home/graeme/source/zenos/sysroot/usr/lib/libk.a(printf.libk.o)
 .debug_loclists
                0x00000b0b      0x110 /home/graeme/source/zenos/sysroot/usr/lib/libk.a(citoa.libk.o)
 .debug_loclists
                0x00000c1b       0x2c /home/graeme/source/zenos/sysroot/usr/lib/libk.a(strlen.libk.o)
 .debug_loclists
                0x00000c47       0x4c /home/graeme/source/zenos/sysroot/usr/lib/libk.a(strrev.libk.o)

.debug_frame    0x00000000      0x56c
 .debug_frame   0x00000000       0x54 arch/i386/port_driver.o
 .debug_frame   0x00000054       0x34 arch/i386/gdt.o
 .debug_frame   0x00000088      0x1c8 arch/i386/tty.o
 .debug_frame   0x00000250       0xc0 arch/i386/interrupt_driver.o
 .debug_frame   0x00000310       0x68 arch/i386/keyboard_driver.o
 .debug_frame   0x00000378       0x4c kernel/kernel.o
 .debug_frame   0x000003c4       0x5c kernel/cbuffer.o
 .debug_frame   0x00000420       0x54 /home/graeme/source/zenos/sysroot/usr/lib/libk.a(printf.libk.o)
 .debug_frame   0x00000474       0x38 /home/graeme/source/zenos/sysroot/usr/lib/libk.a(putchar.libk.o)
 .debug_frame   0x000004ac       0x50 /home/graeme/source/zenos/sysroot/usr/lib/libk.a(citoa.libk.o)
 .debug_frame   0x000004fc       0x34 /home/graeme/source/zenos/sysroot/usr/lib/libk.a(strlen.libk.o)
 .debug_frame   0x00000530       0x3c /home/graeme/source/zenos/sysroot/usr/lib/libk.a(strrev.libk.o)
