Archive member included to satisfy reference by file (symbol)

/home/graeme/source/zenos/sysroot/usr/lib/libk.a(printf.libk.o)
                              arch/i386/interrupt_driver.o (printf)
/home/graeme/source/zenos/sysroot/usr/lib/libk.a(putchar.libk.o)
                              /home/graeme/source/zenos/sysroot/usr/lib/libk.a(printf.libk.o) (putchar)
/home/graeme/source/zenos/sysroot/usr/lib/libk.a(citoa.libk.o)
                              /home/graeme/source/zenos/sysroot/usr/lib/libk.a(printf.libk.o) (citoa)
/home/graeme/source/zenos/sysroot/usr/lib/libk.a(strlen.libk.o)
                              arch/i386/tty.o (strlen)
/home/graeme/source/zenos/sysroot/usr/lib/libk.a(strrev.libk.o)
                              /home/graeme/source/zenos/sysroot/usr/lib/libk.a(citoa.libk.o) (reverse)

There are no discarded input sections

Memory Configuration

Name             Origin             Length             Attributes
*default*        0x00000000         0xffffffff

Linker script and memory map

LOAD arch/i386/crti.o
LOAD arch/i386/crtbegin.o
LOAD arch/i386/boot.o
LOAD arch/i386/port_driver.o
LOAD arch/i386/gdt.o
LOAD arch/i386/gdt_flush.o
LOAD arch/i386/tty.o
LOAD arch/i386/interrupt_driver.o
LOAD arch/i386/isr.o
LOAD arch/i386/irq.o
LOAD arch/i386/keyboard_driver.o
LOAD kernel/kernel.o
LOAD /home/graeme/source/zenos/sysroot/usr/lib/libk.a
LOAD /home/graeme/opt/cross/lib/gcc/i686-elf/14.2.0/libgcc.a
LOAD arch/i386/crtend.o
LOAD arch/i386/crtn.o
                0x00100000                        . = 0x100000

.text           0x00100000     0x1439
 *(.multiboot)
 .multiboot     0x00100000        0xc arch/i386/boot.o
 *(.text)
 .text          0x0010000c        0x0 arch/i386/crti.o
 *fill*         0x0010000c        0x4 
 .text          0x00100010      0x135 arch/i386/crtbegin.o
 .text          0x00100145       0x24 arch/i386/boot.o
                0x00100145                _start
 *fill*         0x00100169        0x7 
 .text          0x00100170       0x1e arch/i386/port_driver.o
                0x00100170                port_byte_in
                0x00100180                port_byte_out
 *fill*         0x0010018e        0x2 
 .text          0x00100190       0x66 arch/i386/gdt.o
                0x00100190                gdt_install
 .text          0x001001f6       0x1d arch/i386/gdt_flush.o
                0x001001f6                gdt_flush
 *fill*         0x00100213        0xd 
 .text          0x00100220      0x1fe arch/i386/tty.o
                0x00100220                terminal_initialize
                0x00100290                terminal_setcolor
                0x001002a0                terminal_putentryat
                0x001002d0                terminal_putchar
                0x00100380                terminal_write
                0x001003c0                terminal_writestring
                0x00100400                terminal_nl
 *fill*         0x0010041e        0x2 
 .text          0x00100420      0x7af arch/i386/interrupt_driver.o
                0x00100420                irq_handler
                0x001004a0                isr_handler
                0x001004c0                set_idt_gate
                0x00100500                isr_install
                0x00100b90                register_interrupt_handler
                0x00100bb0                load_idt
 .text          0x00100bcf       0xf2 arch/i386/isr.o
                0x00100bcf                isr0
                0x00100bd8                isr1
                0x00100be1                isr2
                0x00100bea                isr3
                0x00100bf3                isr4
                0x00100bfc                isr5
                0x00100c05                isr6
                0x00100c0e                isr7
                0x00100c17                isr8
                0x00100c1b                isr9
                0x00100c21                isr10
                0x00100c25                isr11
                0x00100c29                isr12
                0x00100c2d                isr13
                0x00100c31                isr14
                0x00100c35                isr15
                0x00100c3b                isr16
                0x00100c41                isr17
                0x00100c45                isr18
                0x00100c4b                isr19
                0x00100c51                isr20
                0x00100c57                isr21
                0x00100c5d                isr22
                0x00100c63                isr23
                0x00100c69                isr24
                0x00100c6f                isr25
                0x00100c75                isr26
                0x00100c7b                isr27
                0x00100c81                isr28
                0x00100c87                isr29
                0x00100c8d                isr30
                0x00100c93                isr31
                0x00100c99                isr_common_stub
 .text          0x00100cc1      0x106 arch/i386/irq.o
                0x00100cc1                irq0
                0x00100cca                irq1
                0x00100cd3                irq2
                0x00100cdc                irq3
                0x00100ce5                irq4
                0x00100cee                irq5
                0x00100cf7                irq6
                0x00100d00                irq7
                0x00100d09                irq8
                0x00100d12                irq9
                0x00100d1b                irq10
                0x00100d21                irq11
                0x00100d27                irq12
                0x00100d2d                irq13
                0x00100d33                irq14
                0x00100d39                irq15
                0x00100d3f                irq16
                0x00100d45                irq17
                0x00100d4b                irq18
                0x00100d51                irq19
                0x00100d57                irq20
                0x00100d5d                irq21
                0x00100d63                irq22
                0x00100d69                irq23
                0x00100d6f                irq24
                0x00100d75                irq25
                0x00100d7b                irq26
                0x00100d81                irq27
                0x00100d87                irq28
                0x00100d8d                irq29
                0x00100d93                irq30
                0x00100d99                irq31
                0x00100d9f                irq_common_stub
 *fill*         0x00100dc7        0x9 
 .text          0x00100dd0       0x58 arch/i386/keyboard_driver.o
                0x00100e00                keyboard_init
 *fill*         0x00100e28        0x8 
 .text          0x00100e30       0x58 kernel/kernel.o
                0x00100e30                hang_message
                0x00100e50                kernel_main
 *fill*         0x00100e88       0x38 
 .text          0x00100ec0      0x3e4 /home/graeme/source/zenos/sysroot/usr/lib/libk.a(printf.libk.o)
                0x00100ec0                printf
 *fill*         0x001012a4        0xc 
 .text          0x001012b0       0x1f /home/graeme/source/zenos/sysroot/usr/lib/libk.a(putchar.libk.o)
                0x001012b0                putchar
 *fill*         0x001012cf       0x11 
 .text          0x001012e0       0xaa /home/graeme/source/zenos/sysroot/usr/lib/libk.a(citoa.libk.o)
                0x001012e0                citoa
 *fill*         0x0010138a        0x6 
 .text          0x00101390       0x1b /home/graeme/source/zenos/sysroot/usr/lib/libk.a(strlen.libk.o)
                0x00101390                strlen
 *fill*         0x001013ab       0x15 
 .text          0x001013c0       0x3e /home/graeme/source/zenos/sysroot/usr/lib/libk.a(strrev.libk.o)
                0x001013c0                reverse
 *fill*         0x001013fe        0x2 
 .text          0x00101400       0x39 arch/i386/crtend.o
 .text          0x00101439        0x0 arch/i386/crtn.o

.init           0x00101439        0xf
 .init          0x00101439        0x3 arch/i386/crti.o
                0x00101439                _init
 .init          0x0010143c        0x5 arch/i386/crtbegin.o
 .init          0x00101441        0x5 arch/i386/crtend.o
 .init          0x00101446        0x2 arch/i386/crtn.o

.fini           0x00101448        0xa
 .fini          0x00101448        0x3 arch/i386/crti.o
                0x00101448                _fini
 .fini          0x0010144b        0x5 arch/i386/crtbegin.o
 .fini          0x00101450        0x2 arch/i386/crtn.o

.iplt           0x00101452        0x0
 .iplt          0x00101452        0x0 arch/i386/crti.o

.rodata         0x00102000       0x84
 *(.rodata)
 .rodata        0x00102000       0x84 /home/graeme/source/zenos/sysroot/usr/lib/libk.a(printf.libk.o)

.eh_frame       0x00102084        0x4
 .eh_frame      0x00102084        0x0 arch/i386/crtbegin.o
 .eh_frame      0x00102084        0x4 arch/i386/crtend.o

.rodata.str1.1  0x00102088      0x234
 .rodata.str1.1
                0x00102088      0x234 arch/i386/interrupt_driver.o
                                0x216 (size before relaxing)
 .rodata.str1.1
                0x001022bc       0x1e kernel/kernel.o

.rodata.str1.4  0x001022bc       0xb4
 .rodata.str1.4
                0x001022bc       0xb4 arch/i386/interrupt_driver.o
                                 0x43 (size before relaxing)
 .rodata.str1.4
                0x00102370       0x46 arch/i386/keyboard_driver.o
 .rodata.str1.4
                0x00102370       0x28 kernel/kernel.o

.rel.dyn        0x00102370        0x0
 .rel.got       0x00102370        0x0 arch/i386/crti.o
 .rel.iplt      0x00102370        0x0 arch/i386/crti.o
 .rel.text      0x00102370        0x0 arch/i386/crti.o

.data           0x00103000       0xa0
 *(.data)
 .data          0x00103000        0x0 arch/i386/crti.o
 .data          0x00103000        0x4 arch/i386/crtbegin.o
                0x00103000                __dso_handle
 .data          0x00103004        0x8 arch/i386/boot.o
                0x00103004                linked_label_addr
                0x00103008                actual_eip
 .data          0x0010300c        0x0 arch/i386/port_driver.o
 .data          0x0010300c        0x0 arch/i386/gdt.o
 .data          0x0010300c        0x0 arch/i386/gdt_flush.o
 .data          0x0010300c        0x0 arch/i386/tty.o
 *fill*         0x0010300c       0x14 
 .data          0x00103020       0x80 arch/i386/interrupt_driver.o
                0x00103020                exception_messages
 .data          0x001030a0        0x0 arch/i386/isr.o
 .data          0x001030a0        0x0 arch/i386/irq.o
 .data          0x001030a0        0x0 arch/i386/keyboard_driver.o
 .data          0x001030a0        0x0 kernel/kernel.o
 .data          0x001030a0        0x0 /home/graeme/source/zenos/sysroot/usr/lib/libk.a(printf.libk.o)
 .data          0x001030a0        0x0 /home/graeme/source/zenos/sysroot/usr/lib/libk.a(putchar.libk.o)
 .data          0x001030a0        0x0 /home/graeme/source/zenos/sysroot/usr/lib/libk.a(citoa.libk.o)
 .data          0x001030a0        0x0 /home/graeme/source/zenos/sysroot/usr/lib/libk.a(strlen.libk.o)
 .data          0x001030a0        0x0 /home/graeme/source/zenos/sysroot/usr/lib/libk.a(strrev.libk.o)
 .data          0x001030a0        0x0 arch/i386/crtend.o
 .data          0x001030a0        0x0 arch/i386/crtn.o

.got            0x001030a0        0x0
 .got           0x001030a0        0x0 arch/i386/crti.o

.got.plt        0x001030a0        0x0
 .got.plt       0x001030a0        0x0 arch/i386/crti.o

.igot.plt       0x001030a0        0x0
 .igot.plt      0x001030a0        0x0 arch/i386/crti.o

.ctors          0x001030a0        0x8
 .ctors         0x001030a0        0x4 arch/i386/crtbegin.o
 .ctors         0x001030a4        0x4 arch/i386/crtend.o

.dtors          0x001030a8        0x8
 .dtors         0x001030a8        0x4 arch/i386/crtbegin.o
 .dtors         0x001030ac        0x4 arch/i386/crtend.o
                0x001030ac                __DTOR_END__

.tm_clone_table
                0x001030b0        0x0
 .tm_clone_table
                0x001030b0        0x0 arch/i386/crtbegin.o
 .tm_clone_table
                0x001030b0        0x0 arch/i386/crtend.o

.bss            0x00104000     0x4c80
 *(COMMON)
 *(.bss)
 .bss           0x00104000        0x0 arch/i386/crti.o
 .bss           0x00104000       0x20 arch/i386/crtbegin.o
 .bss           0x00104020     0x4000 arch/i386/boot.o
 .bss           0x00108020        0x0 arch/i386/port_driver.o
 .bss           0x00108020       0x20 arch/i386/gdt.o
                0x00108020                gp
                0x00108028                gdt
 .bss           0x00108040        0x0 arch/i386/gdt_flush.o
 .bss           0x00108040       0x10 arch/i386/tty.o
 *fill*         0x00108050       0x10 
 .bss           0x00108060      0xc20 arch/i386/interrupt_driver.o
                0x00108060                idt_reg
                0x00108080                interrupt_handlers
                0x00108480                idt
 .bss           0x00108c80        0x0 arch/i386/isr.o
 .bss           0x00108c80        0x0 arch/i386/irq.o
 .bss           0x00108c80        0x0 arch/i386/keyboard_driver.o
 .bss           0x00108c80        0x0 kernel/kernel.o
 .bss           0x00108c80        0x0 /home/graeme/source/zenos/sysroot/usr/lib/libk.a(printf.libk.o)
 .bss           0x00108c80        0x0 /home/graeme/source/zenos/sysroot/usr/lib/libk.a(putchar.libk.o)
 .bss           0x00108c80        0x0 /home/graeme/source/zenos/sysroot/usr/lib/libk.a(citoa.libk.o)
 .bss           0x00108c80        0x0 /home/graeme/source/zenos/sysroot/usr/lib/libk.a(strlen.libk.o)
 .bss           0x00108c80        0x0 /home/graeme/source/zenos/sysroot/usr/lib/libk.a(strrev.libk.o)
 .bss           0x00108c80        0x0 arch/i386/crtend.o
 .bss           0x00108c80        0x0 arch/i386/crtn.o
OUTPUT(zenos.kernel elf32-i386)

.debug_line     0x00000000     0x1834
 .debug_line    0x00000000       0x58 arch/i386/crti.o
 .debug_line    0x00000058       0x52 arch/i386/boot.o
 .debug_line    0x000000aa       0x71 arch/i386/port_driver.o
 .debug_line    0x0000011b       0xdf arch/i386/gdt.o
 .debug_line    0x000001fa       0x50 arch/i386/gdt_flush.o
 .debug_line    0x0000024a      0x309 arch/i386/tty.o
 .debug_line    0x00000553      0x910 arch/i386/interrupt_driver.o
 .debug_line    0x00000e63       0xb5 arch/i386/isr.o
 .debug_line    0x00000f18       0xbc arch/i386/irq.o
 .debug_line    0x00000fd4       0x93 arch/i386/keyboard_driver.o
 .debug_line    0x00001067       0x9f kernel/kernel.o
 .debug_line    0x00001106      0x45b /home/graeme/source/zenos/sysroot/usr/lib/libk.a(printf.libk.o)
 .debug_line    0x00001561       0x78 /home/graeme/source/zenos/sysroot/usr/lib/libk.a(putchar.libk.o)
 .debug_line    0x000015d9       0xf5 /home/graeme/source/zenos/sysroot/usr/lib/libk.a(citoa.libk.o)
 .debug_line    0x000016ce       0x78 /home/graeme/source/zenos/sysroot/usr/lib/libk.a(strlen.libk.o)
 .debug_line    0x00001746       0x98 /home/graeme/source/zenos/sysroot/usr/lib/libk.a(strrev.libk.o)
 .debug_line    0x000017de       0x56 arch/i386/crtn.o

.debug_line_str
                0x00000000      0x284
 .debug_line_str
                0x00000000      0x284 arch/i386/crti.o
                                 0x32 (size before relaxing)
 .debug_line_str
                0x00000284       0x32 arch/i386/boot.o
 .debug_line_str
                0x00000284       0x80 arch/i386/port_driver.o
 .debug_line_str
                0x00000284       0xac arch/i386/gdt.o
 .debug_line_str
                0x00000284       0x37 arch/i386/gdt_flush.o
 .debug_line_str
                0x00000284       0xf2 arch/i386/tty.o
 .debug_line_str
                0x00000284      0x142 arch/i386/interrupt_driver.o
 .debug_line_str
                0x00000284       0x31 arch/i386/isr.o
 .debug_line_str
                0x00000284       0x31 arch/i386/irq.o
 .debug_line_str
                0x00000284      0x133 arch/i386/keyboard_driver.o
 .debug_line_str
                0x00000284       0xc8 kernel/kernel.o
 .debug_line_str
                0x00000284       0xd0 /home/graeme/source/zenos/sysroot/usr/lib/libk.a(printf.libk.o)
 .debug_line_str
                0x00000284       0xe3 /home/graeme/source/zenos/sysroot/usr/lib/libk.a(putchar.libk.o)
 .debug_line_str
                0x00000284       0x75 /home/graeme/source/zenos/sysroot/usr/lib/libk.a(citoa.libk.o)
 .debug_line_str
                0x00000284       0xa7 /home/graeme/source/zenos/sysroot/usr/lib/libk.a(strlen.libk.o)
 .debug_line_str
                0x00000284       0x67 /home/graeme/source/zenos/sysroot/usr/lib/libk.a(strrev.libk.o)
 .debug_line_str
                0x00000284       0x32 arch/i386/crtn.o

.debug_info     0x00000000     0x22f6
 .debug_info    0x00000000       0x23 arch/i386/crti.o
 .debug_info    0x00000023       0x31 arch/i386/boot.o
 .debug_info    0x00000054       0xa1 arch/i386/port_driver.o
 .debug_info    0x000000f5      0x2b2 arch/i386/gdt.o
 .debug_info    0x000003a7       0x24 arch/i386/gdt_flush.o
 .debug_info    0x000003cb      0x54f arch/i386/tty.o
 .debug_info    0x0000091a      0xd81 arch/i386/interrupt_driver.o
 .debug_info    0x0000169b       0x25 arch/i386/isr.o
 .debug_info    0x000016c0       0x25 arch/i386/irq.o
 .debug_info    0x000016e5      0x269 arch/i386/keyboard_driver.o
 .debug_info    0x0000194e      0x13d kernel/kernel.o
 .debug_info    0x00001a8b      0x4fe /home/graeme/source/zenos/sysroot/usr/lib/libk.a(printf.libk.o)
 .debug_info    0x00001f89       0xc1 /home/graeme/source/zenos/sysroot/usr/lib/libk.a(putchar.libk.o)
 .debug_info    0x0000204a      0x11e /home/graeme/source/zenos/sysroot/usr/lib/libk.a(citoa.libk.o)
 .debug_info    0x00002168       0xb2 /home/graeme/source/zenos/sysroot/usr/lib/libk.a(strlen.libk.o)
 .debug_info    0x0000221a       0xb9 /home/graeme/source/zenos/sysroot/usr/lib/libk.a(strrev.libk.o)
 .debug_info    0x000022d3       0x23 arch/i386/crtn.o

.debug_abbrev   0x00000000      0xd87
 .debug_abbrev  0x00000000       0x12 arch/i386/crti.o
 .debug_abbrev  0x00000012       0x28 arch/i386/boot.o
 .debug_abbrev  0x0000003a       0x7b arch/i386/port_driver.o
 .debug_abbrev  0x000000b5      0x11a arch/i386/gdt.o
 .debug_abbrev  0x000001cf       0x14 arch/i386/gdt_flush.o
 .debug_abbrev  0x000001e3      0x22e arch/i386/tty.o
 .debug_abbrev  0x00000411      0x26a arch/i386/interrupt_driver.o
 .debug_abbrev  0x0000067b       0x14 arch/i386/isr.o
 .debug_abbrev  0x0000068f       0x14 arch/i386/irq.o
 .debug_abbrev  0x000006a3      0x136 arch/i386/keyboard_driver.o
 .debug_abbrev  0x000007d9       0xdb kernel/kernel.o
 .debug_abbrev  0x000008b4      0x210 /home/graeme/source/zenos/sysroot/usr/lib/libk.a(printf.libk.o)
 .debug_abbrev  0x00000ac4       0xab /home/graeme/source/zenos/sysroot/usr/lib/libk.a(putchar.libk.o)
 .debug_abbrev  0x00000b6f       0xd3 /home/graeme/source/zenos/sysroot/usr/lib/libk.a(citoa.libk.o)
 .debug_abbrev  0x00000c42       0x8e /home/graeme/source/zenos/sysroot/usr/lib/libk.a(strlen.libk.o)
 .debug_abbrev  0x00000cd0       0xa5 /home/graeme/source/zenos/sysroot/usr/lib/libk.a(strrev.libk.o)
 .debug_abbrev  0x00000d75       0x12 arch/i386/crtn.o

.debug_aranges  0x00000000      0x230
 .debug_aranges
                0x00000000       0x28 arch/i386/crti.o
 .debug_aranges
                0x00000028       0x20 arch/i386/boot.o
 .debug_aranges
                0x00000048       0x20 arch/i386/port_driver.o
 .debug_aranges
                0x00000068       0x20 arch/i386/gdt.o
 .debug_aranges
                0x00000088       0x20 arch/i386/gdt_flush.o
 .debug_aranges
                0x000000a8       0x20 arch/i386/tty.o
 .debug_aranges
                0x000000c8       0x20 arch/i386/interrupt_driver.o
 .debug_aranges
                0x000000e8       0x20 arch/i386/isr.o
 .debug_aranges
                0x00000108       0x20 arch/i386/irq.o
 .debug_aranges
                0x00000128       0x20 arch/i386/keyboard_driver.o
 .debug_aranges
                0x00000148       0x20 kernel/kernel.o
 .debug_aranges
                0x00000168       0x20 /home/graeme/source/zenos/sysroot/usr/lib/libk.a(printf.libk.o)
 .debug_aranges
                0x00000188       0x20 /home/graeme/source/zenos/sysroot/usr/lib/libk.a(putchar.libk.o)
 .debug_aranges
                0x000001a8       0x20 /home/graeme/source/zenos/sysroot/usr/lib/libk.a(citoa.libk.o)
 .debug_aranges
                0x000001c8       0x20 /home/graeme/source/zenos/sysroot/usr/lib/libk.a(strlen.libk.o)
 .debug_aranges
                0x000001e8       0x20 /home/graeme/source/zenos/sysroot/usr/lib/libk.a(strrev.libk.o)
 .debug_aranges
                0x00000208       0x28 arch/i386/crtn.o

.debug_str      0x00000000      0x75b
 .debug_str     0x00000000      0x75b arch/i386/crti.o
                                 0x3e (size before relaxing)
 .debug_str     0x0000075b       0x45 arch/i386/boot.o
 .debug_str     0x0000075b       0x9e arch/i386/port_driver.o
 .debug_str     0x0000075b      0x170 arch/i386/gdt.o
 .debug_str     0x0000075b       0x43 arch/i386/gdt_flush.o
 .debug_str     0x0000075b      0x349 arch/i386/tty.o
 .debug_str     0x0000075b      0x35a arch/i386/interrupt_driver.o
 .debug_str     0x0000075b       0x3d arch/i386/isr.o
 .debug_str     0x0000075b       0x3d arch/i386/irq.o
 .debug_str     0x0000075b      0x19b arch/i386/keyboard_driver.o
 .debug_str     0x0000075b      0x13e kernel/kernel.o
 .debug_str     0x0000075b      0x170 /home/graeme/source/zenos/sysroot/usr/lib/libk.a(printf.libk.o)
 .debug_str     0x0000075b       0xb3 /home/graeme/source/zenos/sysroot/usr/lib/libk.a(putchar.libk.o)
 .debug_str     0x0000075b       0xb9 /home/graeme/source/zenos/sysroot/usr/lib/libk.a(citoa.libk.o)
 .debug_str     0x0000075b       0xa3 /home/graeme/source/zenos/sysroot/usr/lib/libk.a(strlen.libk.o)
 .debug_str     0x0000075b       0x70 /home/graeme/source/zenos/sysroot/usr/lib/libk.a(strrev.libk.o)
 .debug_str     0x0000075b       0x3e arch/i386/crtn.o

.debug_rnglists
                0x00000000      0x392
 .debug_rnglists
                0x00000000       0x19 arch/i386/crti.o
 .debug_rnglists
                0x00000019       0x66 arch/i386/tty.o
 .debug_rnglists
                0x0000007f      0x231 arch/i386/interrupt_driver.o
 .debug_rnglists
                0x000002b0       0xc9 /home/graeme/source/zenos/sysroot/usr/lib/libk.a(printf.libk.o)
 .debug_rnglists
                0x00000379       0x19 arch/i386/crtn.o

.comment        0x00000000       0x12
 .comment       0x00000000       0x12 arch/i386/crtbegin.o
                                 0x13 (size before relaxing)
 .comment       0x00000012       0x13 arch/i386/port_driver.o
 .comment       0x00000012       0x13 arch/i386/gdt.o
 .comment       0x00000012       0x13 arch/i386/tty.o
 .comment       0x00000012       0x13 arch/i386/interrupt_driver.o
 .comment       0x00000012       0x13 arch/i386/keyboard_driver.o
 .comment       0x00000012       0x13 kernel/kernel.o
 .comment       0x00000012       0x13 /home/graeme/source/zenos/sysroot/usr/lib/libk.a(printf.libk.o)
 .comment       0x00000012       0x13 /home/graeme/source/zenos/sysroot/usr/lib/libk.a(putchar.libk.o)
 .comment       0x00000012       0x13 /home/graeme/source/zenos/sysroot/usr/lib/libk.a(citoa.libk.o)
 .comment       0x00000012       0x13 /home/graeme/source/zenos/sysroot/usr/lib/libk.a(strlen.libk.o)
 .comment       0x00000012       0x13 /home/graeme/source/zenos/sysroot/usr/lib/libk.a(strrev.libk.o)
 .comment       0x00000012       0x13 arch/i386/crtend.o

.debug_loclists
                0x00000000      0xbd8
 .debug_loclists
                0x00000000       0x14 arch/i386/port_driver.o
 .debug_loclists
                0x00000014       0x75 arch/i386/gdt.o
 .debug_loclists
                0x00000089      0x18f arch/i386/tty.o
 .debug_loclists
                0x00000218      0x248 arch/i386/interrupt_driver.o
 .debug_loclists
                0x00000460       0x14 arch/i386/keyboard_driver.o
 .debug_loclists
                0x00000474      0x5dc /home/graeme/source/zenos/sysroot/usr/lib/libk.a(printf.libk.o)
 .debug_loclists
                0x00000a50      0x110 /home/graeme/source/zenos/sysroot/usr/lib/libk.a(citoa.libk.o)
 .debug_loclists
                0x00000b60       0x2c /home/graeme/source/zenos/sysroot/usr/lib/libk.a(strlen.libk.o)
 .debug_loclists
                0x00000b8c       0x4c /home/graeme/source/zenos/sysroot/usr/lib/libk.a(strrev.libk.o)

.debug_frame    0x00000000      0x45c
 .debug_frame   0x00000000       0x54 arch/i386/port_driver.o
 .debug_frame   0x00000054       0x34 arch/i386/gdt.o
 .debug_frame   0x00000088      0x120 arch/i386/tty.o
 .debug_frame   0x000001a8       0xc8 arch/i386/interrupt_driver.o
 .debug_frame   0x00000270       0x54 arch/i386/keyboard_driver.o
 .debug_frame   0x000002c4       0x4c kernel/kernel.o
 .debug_frame   0x00000310       0x54 /home/graeme/source/zenos/sysroot/usr/lib/libk.a(printf.libk.o)
 .debug_frame   0x00000364       0x38 /home/graeme/source/zenos/sysroot/usr/lib/libk.a(putchar.libk.o)
 .debug_frame   0x0000039c       0x50 /home/graeme/source/zenos/sysroot/usr/lib/libk.a(citoa.libk.o)
 .debug_frame   0x000003ec       0x34 /home/graeme/source/zenos/sysroot/usr/lib/libk.a(strlen.libk.o)
 .debug_frame   0x00000420       0x3c /home/graeme/source/zenos/sysroot/usr/lib/libk.a(strrev.libk.o)
