Archive member included to satisfy reference by file (symbol)

/home/graeme/source/zenos/sysroot/usr/lib/libk.a(printf.libk.o)
                              arch/i386/interrupt_driver.o (printf)
/home/graeme/source/zenos/sysroot/usr/lib/libk.a(putchar.libk.o)
                              /home/graeme/source/zenos/sysroot/usr/lib/libk.a(printf.libk.o) (putchar)
/home/graeme/source/zenos/sysroot/usr/lib/libk.a(citoa.libk.o)
                              /home/graeme/source/zenos/sysroot/usr/lib/libk.a(printf.libk.o) (citoa)
/home/graeme/source/zenos/sysroot/usr/lib/libk.a(strlen.libk.o)
                              arch/i386/tty.o (strlen)
/home/graeme/source/zenos/sysroot/usr/lib/libk.a(strrev.libk.o)
                              /home/graeme/source/zenos/sysroot/usr/lib/libk.a(citoa.libk.o) (reverse)
/home/graeme/source/zenos/sysroot/usr/lib/libk.a(strncmp.libk.o)
                              kernel/command.o (strncmp)

There are no discarded input sections

Memory Configuration

Name             Origin             Length             Attributes
*default*        0x00000000         0xffffffff

Linker script and memory map

LOAD arch/i386/crti.o
LOAD arch/i386/crtbegin.o
LOAD arch/i386/boot.o
LOAD arch/i386/port_driver.o
LOAD arch/i386/gdt.o
LOAD arch/i386/gdt_flush.o
LOAD arch/i386/tty.o
LOAD arch/i386/interrupt_driver.o
LOAD arch/i386/isr.o
LOAD arch/i386/irq.o
LOAD arch/i386/keyboard_driver.o
LOAD kernel/eventqueue.o
LOAD kernel/kernel.o
LOAD kernel/cbuffer.o
LOAD kernel/shell.o
LOAD kernel/command.o
LOAD kernel/commands/version.o
LOAD kernel/commands/tty_commands.o
LOAD /home/graeme/source/zenos/sysroot/usr/lib/libk.a
LOAD /home/graeme/opt/cross/lib/gcc/i686-elf/14.2.0/libgcc.a
LOAD arch/i386/crtend.o
LOAD arch/i386/crtn.o
                0x00100000                        . = 0x100000

.text           0x00100000     0x1dc9
 *(.multiboot)
 .multiboot     0x00100000        0xc arch/i386/boot.o
 *(.text)
 .text          0x0010000c        0x0 arch/i386/crti.o
 *fill*         0x0010000c        0x4 
 .text          0x00100010      0x135 arch/i386/crtbegin.o
 .text          0x00100145       0x24 arch/i386/boot.o
                0x00100145                _start
 *fill*         0x00100169        0x7 
 .text          0x00100170       0x1e arch/i386/port_driver.o
                0x00100170                port_byte_in
                0x00100180                port_byte_out
 *fill*         0x0010018e        0x2 
 .text          0x00100190       0x66 arch/i386/gdt.o
                0x00100190                gdt_install
 .text          0x001001f6       0x1d arch/i386/gdt_flush.o
                0x001001f6                gdt_flush
 *fill*         0x00100213        0xd 
 .text          0x00100220      0x626 arch/i386/tty.o
                0x00100220                terminal_cursor_type
                0x00100230                terminal_setcolor
                0x00100240                terminal_putentryat
                0x00100270                terminal_putchar
                0x00100450                terminal_write
                0x001004f0                terminal_writestring
                0x00100590                terminal_nl
                0x00100620                terminal_cursor_enable
                0x001006a0                terminal_clear
                0x00100740                terminal_initialize
                0x00100770                terminal_cursor_disable
                0x001007a0                terminal_cursor_put
                0x00100800                terminal_cursor_get
 *fill*         0x00100846        0xa 
 .text          0x00100850      0x75f arch/i386/interrupt_driver.o
                0x00100850                irq_handler
                0x001008b0                isr_handler
                0x001008e0                set_idt_gate
                0x00100920                install_interrupts
                0x00100f70                register_interrupt_handler
                0x00100f90                load_idt
 .text          0x00100faf       0xf2 arch/i386/isr.o
                0x00100faf                isr0
                0x00100fb8                isr1
                0x00100fc1                isr2
                0x00100fca                isr3
                0x00100fd3                isr4
                0x00100fdc                isr5
                0x00100fe5                isr6
                0x00100fee                isr7
                0x00100ff7                isr8
                0x00100ffb                isr9
                0x00101001                isr10
                0x00101005                isr11
                0x00101009                isr12
                0x0010100d                isr13
                0x00101011                isr14
                0x00101015                isr15
                0x0010101b                isr16
                0x00101021                isr17
                0x00101025                isr18
                0x0010102b                isr19
                0x00101031                isr20
                0x00101037                isr21
                0x0010103d                isr22
                0x00101043                isr23
                0x00101049                isr24
                0x0010104f                isr25
                0x00101055                isr26
                0x0010105b                isr27
                0x00101061                isr28
                0x00101067                isr29
                0x0010106d                isr30
                0x00101073                isr31
                0x00101079                isr_common_stub
 .text          0x001010a1      0x106 arch/i386/irq.o
                0x001010a1                irq0
                0x001010aa                irq1
                0x001010b3                irq2
                0x001010bc                irq3
                0x001010c5                irq4
                0x001010ce                irq5
                0x001010d7                irq6
                0x001010e0                irq7
                0x001010e9                irq8
                0x001010f2                irq9
                0x001010fb                irq10
                0x00101101                irq11
                0x00101107                irq12
                0x0010110d                irq13
                0x00101113                irq14
                0x00101119                irq15
                0x0010111f                irq16
                0x00101125                irq17
                0x0010112b                irq18
                0x00101131                irq19
                0x00101137                irq20
                0x0010113d                irq21
                0x00101143                irq22
                0x00101149                irq23
                0x0010114f                irq24
                0x00101155                irq25
                0x0010115b                irq26
                0x00101161                irq27
                0x00101167                irq28
                0x0010116d                irq29
                0x00101173                irq30
                0x00101179                irq31
                0x0010117f                irq_common_stub
 *fill*         0x001011a7        0x9 
 .text          0x001011b0       0xe7 arch/i386/keyboard_driver.o
                0x00101270                keyboard_init
 *fill*         0x00101297        0x9 
 .text          0x001012a0       0x13 kernel/eventqueue.o
                0x001012a0                event_queue_init
                0x001012b0                event_queue_has_data
 *fill*         0x001012b3        0xd 
 .text          0x001012c0       0xdc kernel/kernel.o
                0x001012c0                hang_message
                0x001012e0                kernel_main
 *fill*         0x0010139c        0x4 
 .text          0x001013a0      0x280 kernel/cbuffer.o
                0x001013a0                cbuffer_initialize
                0x001013c0                cbuffer_is_full
                0x001013e0                cbuffer_is_empty
                0x00101400                cbuffer_put
                0x00101440                cbuffer_get
                0x00101480                cbuffer_find
                0x00101510                cbuffer_peek
                0x00101550                cbuffer_first_to_CR
                0x00101600                cbuffer_data_available
 .text          0x00101620      0x111 kernel/shell.o
                0x00101620                shell_init
                0x00101650                shell_run
 *fill*         0x00101731        0xf 
 .text          0x00101740       0x6c kernel/command.o
                0x00101740                hello
                0x00101760                command_item_get
 *fill*         0x001017ac        0x4 
 .text          0x001017b0       0x1a kernel/commands/version.o
                0x001017b0                cmd_version
 *fill*         0x001017ca        0x6 
 .text          0x001017d0        0xd kernel/commands/tty_commands.o
                0x001017d0                cmd_tty_clear
 *fill*         0x001017dd       0x23 
 .text          0x00101800      0x3e4 /home/graeme/source/zenos/sysroot/usr/lib/libk.a(printf.libk.o)
                0x00101800                printf
 *fill*         0x00101be4        0xc 
 .text          0x00101bf0       0x1f /home/graeme/source/zenos/sysroot/usr/lib/libk.a(putchar.libk.o)
                0x00101bf0                putchar
 *fill*         0x00101c0f       0x11 
 .text          0x00101c20       0xaa /home/graeme/source/zenos/sysroot/usr/lib/libk.a(citoa.libk.o)
                0x00101c20                citoa
 *fill*         0x00101cca        0x6 
 .text          0x00101cd0       0x1b /home/graeme/source/zenos/sysroot/usr/lib/libk.a(strlen.libk.o)
                0x00101cd0                strlen
 *fill*         0x00101ceb       0x15 
 .text          0x00101d00       0x3e /home/graeme/source/zenos/sysroot/usr/lib/libk.a(strrev.libk.o)
                0x00101d00                reverse
 *fill*         0x00101d3e        0x2 
 .text          0x00101d40       0x49 /home/graeme/source/zenos/sysroot/usr/lib/libk.a(strncmp.libk.o)
                0x00101d40                strncmp
 *fill*         0x00101d89        0x7 
 .text          0x00101d90       0x39 arch/i386/crtend.o
 .text          0x00101dc9        0x0 arch/i386/crtn.o

.init           0x00101dc9        0xf
 .init          0x00101dc9        0x3 arch/i386/crti.o
                0x00101dc9                _init
 .init          0x00101dcc        0x5 arch/i386/crtbegin.o
 .init          0x00101dd1        0x5 arch/i386/crtend.o
 .init          0x00101dd6        0x2 arch/i386/crtn.o

.fini           0x00101dd8        0xa
 .fini          0x00101dd8        0x3 arch/i386/crti.o
                0x00101dd8                _fini
 .fini          0x00101ddb        0x5 arch/i386/crtbegin.o
 .fini          0x00101de0        0x2 arch/i386/crtn.o

.iplt           0x00101de2        0x0
 .iplt          0x00101de2        0x0 arch/i386/crti.o

.rodata         0x00102000      0x2a4
 *(.rodata)
 .rodata        0x00102000        0xa arch/i386/tty.o
 *fill*         0x0010200a       0x16 
 .rodata        0x00102020      0x200 arch/i386/keyboard_driver.o
 .rodata        0x00102220       0x84 /home/graeme/source/zenos/sysroot/usr/lib/libk.a(printf.libk.o)

.eh_frame       0x001022a4        0x4
 .eh_frame      0x001022a4        0x0 arch/i386/crtbegin.o
 .eh_frame      0x001022a4        0x4 arch/i386/crtend.o

.rodata.str1.1  0x001022a8      0x2bc
 .rodata.str1.1
                0x001022a8      0x2bc arch/i386/tty.o
                                  0x3 (size before relaxing)
 .rodata.str1.1
                0x00102564      0x1f0 arch/i386/interrupt_driver.o
 .rodata.str1.1
                0x00102564       0xa2 kernel/kernel.o
 .rodata.str1.1
                0x00102564        0xf kernel/shell.o
 .rodata.str1.1
                0x00102564        0xe kernel/command.o
 .rodata.str1.1
                0x00102564        0xd kernel/commands/version.o

.rodata.str1.4  0x00102564       0x48
 .rodata.str1.4
                0x00102564       0x48 arch/i386/interrupt_driver.o
                                 0x1f (size before relaxing)
 .rodata.str1.4
                0x001025ac       0x28 kernel/kernel.o

.rel.dyn        0x001025ac        0x0
 .rel.got       0x001025ac        0x0 arch/i386/crti.o
 .rel.iplt      0x001025ac        0x0 arch/i386/crti.o
 .rel.text      0x001025ac        0x0 arch/i386/crti.o

.data           0x00103000      0x100
 *(.data)
 .data          0x00103000        0x0 arch/i386/crti.o
 .data          0x00103000        0x4 arch/i386/crtbegin.o
                0x00103000                __dso_handle
 .data          0x00103004        0x8 arch/i386/boot.o
                0x00103004                linked_label_addr
                0x00103008                actual_eip
 .data          0x0010300c        0x0 arch/i386/port_driver.o
 .data          0x0010300c        0x0 arch/i386/gdt.o
 .data          0x0010300c        0x0 arch/i386/gdt_flush.o
 .data          0x0010300c        0x0 arch/i386/tty.o
 *fill*         0x0010300c       0x14 
 .data          0x00103020       0x80 arch/i386/interrupt_driver.o
                0x00103020                exception_messages
 .data          0x001030a0        0x0 arch/i386/isr.o
 .data          0x001030a0        0x0 arch/i386/irq.o
 .data          0x001030a0        0x0 arch/i386/keyboard_driver.o
 .data          0x001030a0        0x0 kernel/eventqueue.o
 .data          0x001030a0        0x0 kernel/kernel.o
 .data          0x001030a0        0x0 kernel/cbuffer.o
 .data          0x001030a0        0x0 kernel/shell.o
 .data          0x001030a0       0x60 kernel/command.o
                0x001030a0                command_list
 .data          0x00103100        0x0 kernel/commands/version.o
 .data          0x00103100        0x0 kernel/commands/tty_commands.o
 .data          0x00103100        0x0 /home/graeme/source/zenos/sysroot/usr/lib/libk.a(printf.libk.o)
 .data          0x00103100        0x0 /home/graeme/source/zenos/sysroot/usr/lib/libk.a(putchar.libk.o)
 .data          0x00103100        0x0 /home/graeme/source/zenos/sysroot/usr/lib/libk.a(citoa.libk.o)
 .data          0x00103100        0x0 /home/graeme/source/zenos/sysroot/usr/lib/libk.a(strlen.libk.o)
 .data          0x00103100        0x0 /home/graeme/source/zenos/sysroot/usr/lib/libk.a(strrev.libk.o)
 .data          0x00103100        0x0 /home/graeme/source/zenos/sysroot/usr/lib/libk.a(strncmp.libk.o)
 .data          0x00103100        0x0 arch/i386/crtend.o
 .data          0x00103100        0x0 arch/i386/crtn.o

.got            0x00103100        0x0
 .got           0x00103100        0x0 arch/i386/crti.o

.got.plt        0x00103100        0x0
 .got.plt       0x00103100        0x0 arch/i386/crti.o

.igot.plt       0x00103100        0x0
 .igot.plt      0x00103100        0x0 arch/i386/crti.o

.ctors          0x00103100        0x8
 .ctors         0x00103100        0x4 arch/i386/crtbegin.o
 .ctors         0x00103104        0x4 arch/i386/crtend.o

.dtors          0x00103108        0x8
 .dtors         0x00103108        0x4 arch/i386/crtbegin.o
 .dtors         0x0010310c        0x4 arch/i386/crtend.o
                0x0010310c                __DTOR_END__

.tm_clone_table
                0x00103110        0x0
 .tm_clone_table
                0x00103110        0x0 arch/i386/crtbegin.o
 .tm_clone_table
                0x00103110        0x0 arch/i386/crtend.o

.bss            0x00104000     0x5784
 *(COMMON)
 *(.bss)
 .bss           0x00104000        0x0 arch/i386/crti.o
 .bss           0x00104000       0x20 arch/i386/crtbegin.o
 .bss           0x00104020     0x4000 arch/i386/boot.o
 .bss           0x00108020        0x0 arch/i386/port_driver.o
 .bss           0x00108020       0x20 arch/i386/gdt.o
                0x00108020                gp
                0x00108028                gdt
 .bss           0x00108040        0x0 arch/i386/gdt_flush.o
 .bss           0x00108040       0x14 arch/i386/tty.o
 *fill*         0x00108054        0xc 
 .bss           0x00108060      0xc20 arch/i386/interrupt_driver.o
                0x00108060                idt_reg
                0x00108080                interrupt_handlers
                0x00108480                idt
 .bss           0x00108c80        0x0 arch/i386/isr.o
 .bss           0x00108c80        0x0 arch/i386/irq.o
 .bss           0x00108c80        0x8 arch/i386/keyboard_driver.o
                0x00108c80                isShift
                0x00108c84                current_buffer
 *fill*         0x00108c88       0x18 
 .bss           0x00108ca0      0xaa0 kernel/eventqueue.o
                0x00108ca0                event_items
 .bss           0x00109740        0x0 kernel/kernel.o
 .bss           0x00109740        0x0 kernel/cbuffer.o
 .bss           0x00109740       0x44 kernel/shell.o
                0x00109740                shell_buffer
 .bss           0x00109784        0x0 kernel/command.o
 .bss           0x00109784        0x0 kernel/commands/version.o
 .bss           0x00109784        0x0 kernel/commands/tty_commands.o
 .bss           0x00109784        0x0 /home/graeme/source/zenos/sysroot/usr/lib/libk.a(printf.libk.o)
 .bss           0x00109784        0x0 /home/graeme/source/zenos/sysroot/usr/lib/libk.a(putchar.libk.o)
 .bss           0x00109784        0x0 /home/graeme/source/zenos/sysroot/usr/lib/libk.a(citoa.libk.o)
 .bss           0x00109784        0x0 /home/graeme/source/zenos/sysroot/usr/lib/libk.a(strlen.libk.o)
 .bss           0x00109784        0x0 /home/graeme/source/zenos/sysroot/usr/lib/libk.a(strrev.libk.o)
 .bss           0x00109784        0x0 /home/graeme/source/zenos/sysroot/usr/lib/libk.a(strncmp.libk.o)
 .bss           0x00109784        0x0 arch/i386/crtend.o
 .bss           0x00109784        0x0 arch/i386/crtn.o
OUTPUT(zenos.kernel elf32-i386)

.debug_line     0x00000000     0x21da
 .debug_line    0x00000000       0x58 arch/i386/crti.o
 .debug_line    0x00000058       0x52 arch/i386/boot.o
 .debug_line    0x000000aa       0x71 arch/i386/port_driver.o
 .debug_line    0x0000011b       0xdf arch/i386/gdt.o
 .debug_line    0x000001fa       0x50 arch/i386/gdt_flush.o
 .debug_line    0x0000024a      0x56e arch/i386/tty.o
 .debug_line    0x000007b8      0x8dc arch/i386/interrupt_driver.o
 .debug_line    0x00001094       0xb5 arch/i386/isr.o
 .debug_line    0x00001149       0xbc arch/i386/irq.o
 .debug_line    0x00001205      0x112 arch/i386/keyboard_driver.o
 .debug_line    0x00001317       0x5d kernel/eventqueue.o
 .debug_line    0x00001374       0xc7 kernel/kernel.o
 .debug_line    0x0000143b      0x317 kernel/cbuffer.o
 .debug_line    0x00001752      0x122 kernel/shell.o
 .debug_line    0x00001874       0xd3 kernel/command.o
 .debug_line    0x00001947       0x5f kernel/commands/version.o
 .debug_line    0x000019a6       0x5f kernel/commands/tty_commands.o
 .debug_line    0x00001a05      0x45b /home/graeme/source/zenos/sysroot/usr/lib/libk.a(printf.libk.o)
 .debug_line    0x00001e60       0x78 /home/graeme/source/zenos/sysroot/usr/lib/libk.a(putchar.libk.o)
 .debug_line    0x00001ed8       0xf5 /home/graeme/source/zenos/sysroot/usr/lib/libk.a(citoa.libk.o)
 .debug_line    0x00001fcd       0x78 /home/graeme/source/zenos/sysroot/usr/lib/libk.a(strlen.libk.o)
 .debug_line    0x00002045       0x98 /home/graeme/source/zenos/sysroot/usr/lib/libk.a(strrev.libk.o)
 .debug_line    0x000020dd       0xa7 /home/graeme/source/zenos/sysroot/usr/lib/libk.a(strncmp.libk.o)
 .debug_line    0x00002184       0x56 arch/i386/crtn.o

.debug_line_str
                0x00000000      0x36b
 .debug_line_str
                0x00000000      0x36b arch/i386/crti.o
                                 0x32 (size before relaxing)
 .debug_line_str
                0x0000036b       0x32 arch/i386/boot.o
 .debug_line_str
                0x0000036b       0x80 arch/i386/port_driver.o
 .debug_line_str
                0x0000036b       0xac arch/i386/gdt.o
 .debug_line_str
                0x0000036b       0x37 arch/i386/gdt_flush.o
 .debug_line_str
                0x0000036b      0x115 arch/i386/tty.o
 .debug_line_str
                0x0000036b      0x151 arch/i386/interrupt_driver.o
 .debug_line_str
                0x0000036b       0x31 arch/i386/isr.o
 .debug_line_str
                0x0000036b       0x31 arch/i386/irq.o
 .debug_line_str
                0x0000036b      0x12b arch/i386/keyboard_driver.o
 .debug_line_str
                0x0000036b       0x93 kernel/eventqueue.o
 .debug_line_str
                0x0000036b      0x128 kernel/kernel.o
 .debug_line_str
                0x0000036b       0xcb kernel/cbuffer.o
 .debug_line_str
                0x0000036b      0x137 kernel/shell.o
 .debug_line_str
                0x0000036b      0x130 kernel/command.o
 .debug_line_str
                0x0000036b       0xb6 kernel/commands/version.o
 .debug_line_str
                0x0000036b       0xa4 kernel/commands/tty_commands.o
 .debug_line_str
                0x0000036b       0xd0 /home/graeme/source/zenos/sysroot/usr/lib/libk.a(printf.libk.o)
 .debug_line_str
                0x0000036b       0xe3 /home/graeme/source/zenos/sysroot/usr/lib/libk.a(putchar.libk.o)
 .debug_line_str
                0x0000036b       0x75 /home/graeme/source/zenos/sysroot/usr/lib/libk.a(citoa.libk.o)
 .debug_line_str
                0x0000036b       0xa7 /home/graeme/source/zenos/sysroot/usr/lib/libk.a(strlen.libk.o)
 .debug_line_str
                0x0000036b       0x67 /home/graeme/source/zenos/sysroot/usr/lib/libk.a(strrev.libk.o)
 .debug_line_str
                0x0000036b       0xaa /home/graeme/source/zenos/sysroot/usr/lib/libk.a(strncmp.libk.o)
 .debug_line_str
                0x0000036b       0x32 arch/i386/crtn.o

.debug_info     0x00000000     0x387c
 .debug_info    0x00000000       0x23 arch/i386/crti.o
 .debug_info    0x00000023       0x31 arch/i386/boot.o
 .debug_info    0x00000054       0xa1 arch/i386/port_driver.o
 .debug_info    0x000000f5      0x2b2 arch/i386/gdt.o
 .debug_info    0x000003a7       0x24 arch/i386/gdt_flush.o
 .debug_info    0x000003cb      0xaa6 arch/i386/tty.o
 .debug_info    0x00000e71      0xd16 arch/i386/interrupt_driver.o
 .debug_info    0x00001b87       0x25 arch/i386/isr.o
 .debug_info    0x00001bac       0x25 arch/i386/irq.o
 .debug_info    0x00001bd1      0x46f arch/i386/keyboard_driver.o
 .debug_info    0x00002040      0x124 kernel/eventqueue.o
 .debug_info    0x00002164      0x269 kernel/kernel.o
 .debug_info    0x000023cd      0x430 kernel/cbuffer.o
 .debug_info    0x000027fd      0x38e kernel/shell.o
 .debug_info    0x00002b8b      0x221 kernel/command.o
 .debug_info    0x00002dac       0x93 kernel/commands/version.o
 .debug_info    0x00002e3f       0xc3 kernel/commands/tty_commands.o
 .debug_info    0x00002f02      0x4fe /home/graeme/source/zenos/sysroot/usr/lib/libk.a(printf.libk.o)
 .debug_info    0x00003400       0xeb /home/graeme/source/zenos/sysroot/usr/lib/libk.a(putchar.libk.o)
 .debug_info    0x000034eb      0x11e /home/graeme/source/zenos/sysroot/usr/lib/libk.a(citoa.libk.o)
 .debug_info    0x00003609       0xb2 /home/graeme/source/zenos/sysroot/usr/lib/libk.a(strlen.libk.o)
 .debug_info    0x000036bb       0xb9 /home/graeme/source/zenos/sysroot/usr/lib/libk.a(strrev.libk.o)
 .debug_info    0x00003774       0xe5 /home/graeme/source/zenos/sysroot/usr/lib/libk.a(strncmp.libk.o)
 .debug_info    0x00003859       0x23 arch/i386/crtn.o

.debug_abbrev   0x00000000     0x16bd
 .debug_abbrev  0x00000000       0x12 arch/i386/crti.o
 .debug_abbrev  0x00000012       0x28 arch/i386/boot.o
 .debug_abbrev  0x0000003a       0x7b arch/i386/port_driver.o
 .debug_abbrev  0x000000b5      0x11a arch/i386/gdt.o
 .debug_abbrev  0x000001cf       0x14 arch/i386/gdt_flush.o
 .debug_abbrev  0x000001e3      0x314 arch/i386/tty.o
 .debug_abbrev  0x000004f7      0x25a arch/i386/interrupt_driver.o
 .debug_abbrev  0x00000751       0x14 arch/i386/isr.o
 .debug_abbrev  0x00000765       0x14 arch/i386/irq.o
 .debug_abbrev  0x00000779      0x1c5 arch/i386/keyboard_driver.o
 .debug_abbrev  0x0000093e      0x102 kernel/eventqueue.o
 .debug_abbrev  0x00000a40      0x11b kernel/kernel.o
 .debug_abbrev  0x00000b5b      0x1e5 kernel/cbuffer.o
 .debug_abbrev  0x00000d40      0x1a2 kernel/shell.o
 .debug_abbrev  0x00000ee2      0x15d kernel/command.o
 .debug_abbrev  0x0000103f       0x9c kernel/commands/version.o
 .debug_abbrev  0x000010db       0x7d kernel/commands/tty_commands.o
 .debug_abbrev  0x00001158      0x210 /home/graeme/source/zenos/sysroot/usr/lib/libk.a(printf.libk.o)
 .debug_abbrev  0x00001368       0xab /home/graeme/source/zenos/sysroot/usr/lib/libk.a(putchar.libk.o)
 .debug_abbrev  0x00001413       0xd3 /home/graeme/source/zenos/sysroot/usr/lib/libk.a(citoa.libk.o)
 .debug_abbrev  0x000014e6       0x8e /home/graeme/source/zenos/sysroot/usr/lib/libk.a(strlen.libk.o)
 .debug_abbrev  0x00001574       0xa5 /home/graeme/source/zenos/sysroot/usr/lib/libk.a(strrev.libk.o)
 .debug_abbrev  0x00001619       0x92 /home/graeme/source/zenos/sysroot/usr/lib/libk.a(strncmp.libk.o)
 .debug_abbrev  0x000016ab       0x12 arch/i386/crtn.o

.debug_aranges  0x00000000      0x310
 .debug_aranges
                0x00000000       0x28 arch/i386/crti.o
 .debug_aranges
                0x00000028       0x20 arch/i386/boot.o
 .debug_aranges
                0x00000048       0x20 arch/i386/port_driver.o
 .debug_aranges
                0x00000068       0x20 arch/i386/gdt.o
 .debug_aranges
                0x00000088       0x20 arch/i386/gdt_flush.o
 .debug_aranges
                0x000000a8       0x20 arch/i386/tty.o
 .debug_aranges
                0x000000c8       0x20 arch/i386/interrupt_driver.o
 .debug_aranges
                0x000000e8       0x20 arch/i386/isr.o
 .debug_aranges
                0x00000108       0x20 arch/i386/irq.o
 .debug_aranges
                0x00000128       0x20 arch/i386/keyboard_driver.o
 .debug_aranges
                0x00000148       0x20 kernel/eventqueue.o
 .debug_aranges
                0x00000168       0x20 kernel/kernel.o
 .debug_aranges
                0x00000188       0x20 kernel/cbuffer.o
 .debug_aranges
                0x000001a8       0x20 kernel/shell.o
 .debug_aranges
                0x000001c8       0x20 kernel/command.o
 .debug_aranges
                0x000001e8       0x20 kernel/commands/version.o
 .debug_aranges
                0x00000208       0x20 kernel/commands/tty_commands.o
 .debug_aranges
                0x00000228       0x20 /home/graeme/source/zenos/sysroot/usr/lib/libk.a(printf.libk.o)
 .debug_aranges
                0x00000248       0x20 /home/graeme/source/zenos/sysroot/usr/lib/libk.a(putchar.libk.o)
 .debug_aranges
                0x00000268       0x20 /home/graeme/source/zenos/sysroot/usr/lib/libk.a(citoa.libk.o)
 .debug_aranges
                0x00000288       0x20 /home/graeme/source/zenos/sysroot/usr/lib/libk.a(strlen.libk.o)
 .debug_aranges
                0x000002a8       0x20 /home/graeme/source/zenos/sysroot/usr/lib/libk.a(strrev.libk.o)
 .debug_aranges
                0x000002c8       0x20 /home/graeme/source/zenos/sysroot/usr/lib/libk.a(strncmp.libk.o)
 .debug_aranges
                0x000002e8       0x28 arch/i386/crtn.o

.debug_str      0x00000000      0xaa1
 .debug_str     0x00000000      0xaa1 arch/i386/crti.o
                                 0x3e (size before relaxing)
 .debug_str     0x00000aa1       0x45 arch/i386/boot.o
 .debug_str     0x00000aa1       0x9e arch/i386/port_driver.o
 .debug_str     0x00000aa1      0x170 arch/i386/gdt.o
 .debug_str     0x00000aa1       0x43 arch/i386/gdt_flush.o
 .debug_str     0x00000aa1      0x451 arch/i386/tty.o
 .debug_str     0x00000aa1      0x341 arch/i386/interrupt_driver.o
 .debug_str     0x00000aa1       0x3d arch/i386/isr.o
 .debug_str     0x00000aa1       0x3d arch/i386/irq.o
 .debug_str     0x00000aa1      0x3c6 arch/i386/keyboard_driver.o
 .debug_str     0x00000aa1      0x12a kernel/eventqueue.o
 .debug_str     0x00000aa1      0x2ac kernel/kernel.o
 .debug_str     0x00000aa1      0x1d1 kernel/cbuffer.o
 .debug_str     0x00000aa1      0x256 kernel/shell.o
 .debug_str     0x00000aa1      0x17f kernel/command.o
 .debug_str     0x00000aa1       0x71 kernel/commands/version.o
 .debug_str     0x00000aa1      0x115 kernel/commands/tty_commands.o
 .debug_str     0x00000aa1      0x170 /home/graeme/source/zenos/sysroot/usr/lib/libk.a(printf.libk.o)
 .debug_str     0x00000aa1      0x10e /home/graeme/source/zenos/sysroot/usr/lib/libk.a(putchar.libk.o)
 .debug_str     0x00000aa1       0xb9 /home/graeme/source/zenos/sysroot/usr/lib/libk.a(citoa.libk.o)
 .debug_str     0x00000aa1       0xa3 /home/graeme/source/zenos/sysroot/usr/lib/libk.a(strlen.libk.o)
 .debug_str     0x00000aa1       0x70 /home/graeme/source/zenos/sysroot/usr/lib/libk.a(strrev.libk.o)
 .debug_str     0x00000aa1       0xb2 /home/graeme/source/zenos/sysroot/usr/lib/libk.a(strncmp.libk.o)
 .debug_str     0x00000aa1       0x3e arch/i386/crtn.o

.debug_rnglists
                0x00000000      0x468
 .debug_rnglists
                0x00000000       0x19 arch/i386/crti.o
 .debug_rnglists
                0x00000019       0xc3 arch/i386/tty.o
 .debug_rnglists
                0x000000dc      0x236 arch/i386/interrupt_driver.o
 .debug_rnglists
                0x00000312       0x16 arch/i386/keyboard_driver.o
 .debug_rnglists
                0x00000328       0x33 kernel/cbuffer.o
 .debug_rnglists
                0x0000035b       0x2b kernel/shell.o
 .debug_rnglists
                0x00000386       0xc9 /home/graeme/source/zenos/sysroot/usr/lib/libk.a(printf.libk.o)
 .debug_rnglists
                0x0000044f       0x19 arch/i386/crtn.o

.comment        0x00000000       0x12
 .comment       0x00000000       0x12 arch/i386/crtbegin.o
                                 0x13 (size before relaxing)
 .comment       0x00000012       0x13 arch/i386/port_driver.o
 .comment       0x00000012       0x13 arch/i386/gdt.o
 .comment       0x00000012       0x13 arch/i386/tty.o
 .comment       0x00000012       0x13 arch/i386/interrupt_driver.o
 .comment       0x00000012       0x13 arch/i386/keyboard_driver.o
 .comment       0x00000012       0x13 kernel/eventqueue.o
 .comment       0x00000012       0x13 kernel/kernel.o
 .comment       0x00000012       0x13 kernel/cbuffer.o
 .comment       0x00000012       0x13 kernel/shell.o
 .comment       0x00000012       0x13 kernel/command.o
 .comment       0x00000012       0x13 kernel/commands/version.o
 .comment       0x00000012       0x13 kernel/commands/tty_commands.o
 .comment       0x00000012       0x13 /home/graeme/source/zenos/sysroot/usr/lib/libk.a(printf.libk.o)
 .comment       0x00000012       0x13 /home/graeme/source/zenos/sysroot/usr/lib/libk.a(putchar.libk.o)
 .comment       0x00000012       0x13 /home/graeme/source/zenos/sysroot/usr/lib/libk.a(citoa.libk.o)
 .comment       0x00000012       0x13 /home/graeme/source/zenos/sysroot/usr/lib/libk.a(strlen.libk.o)
 .comment       0x00000012       0x13 /home/graeme/source/zenos/sysroot/usr/lib/libk.a(strrev.libk.o)
 .comment       0x00000012       0x13 /home/graeme/source/zenos/sysroot/usr/lib/libk.a(strncmp.libk.o)
 .comment       0x00000012       0x13 arch/i386/crtend.o

.debug_loclists
                0x00000000     0x1088
 .debug_loclists
                0x00000000       0x14 arch/i386/port_driver.o
 .debug_loclists
                0x00000014       0x75 arch/i386/gdt.o
 .debug_loclists
                0x00000089      0x37f arch/i386/tty.o
 .debug_loclists
                0x00000408      0x234 arch/i386/interrupt_driver.o
 .debug_loclists
                0x0000063c       0x54 arch/i386/keyboard_driver.o
 .debug_loclists
                0x00000690      0x1b2 kernel/cbuffer.o
 .debug_loclists
                0x00000842       0x32 kernel/shell.o
 .debug_loclists
                0x00000874       0x36 kernel/command.o
 .debug_loclists
                0x000008aa      0x5dc /home/graeme/source/zenos/sysroot/usr/lib/libk.a(printf.libk.o)
 .debug_loclists
                0x00000e86      0x110 /home/graeme/source/zenos/sysroot/usr/lib/libk.a(citoa.libk.o)
 .debug_loclists
                0x00000f96       0x2c /home/graeme/source/zenos/sysroot/usr/lib/libk.a(strlen.libk.o)
 .debug_loclists
                0x00000fc2       0x4c /home/graeme/source/zenos/sysroot/usr/lib/libk.a(strrev.libk.o)
 .debug_loclists
                0x0000100e       0x7a /home/graeme/source/zenos/sysroot/usr/lib/libk.a(strncmp.libk.o)

.debug_frame    0x00000000      0x868
 .debug_frame   0x00000000       0x54 arch/i386/port_driver.o
 .debug_frame   0x00000054       0x34 arch/i386/gdt.o
 .debug_frame   0x00000088      0x204 arch/i386/tty.o
 .debug_frame   0x0000028c       0xc0 arch/i386/interrupt_driver.o
 .debug_frame   0x0000034c       0x68 arch/i386/keyboard_driver.o
 .debug_frame   0x000003b4       0x34 kernel/eventqueue.o
 .debug_frame   0x000003e8       0x4c kernel/kernel.o
 .debug_frame   0x00000434      0x170 kernel/cbuffer.o
 .debug_frame   0x000005a4       0x60 kernel/shell.o
 .debug_frame   0x00000604       0x68 kernel/command.o
 .debug_frame   0x0000066c       0x34 kernel/commands/version.o
 .debug_frame   0x000006a0       0x34 kernel/commands/tty_commands.o
 .debug_frame   0x000006d4       0x54 /home/graeme/source/zenos/sysroot/usr/lib/libk.a(printf.libk.o)
 .debug_frame   0x00000728       0x38 /home/graeme/source/zenos/sysroot/usr/lib/libk.a(putchar.libk.o)
 .debug_frame   0x00000760       0x50 /home/graeme/source/zenos/sysroot/usr/lib/libk.a(citoa.libk.o)
 .debug_frame   0x000007b0       0x34 /home/graeme/source/zenos/sysroot/usr/lib/libk.a(strlen.libk.o)
 .debug_frame   0x000007e4       0x3c /home/graeme/source/zenos/sysroot/usr/lib/libk.a(strrev.libk.o)
 .debug_frame   0x00000820       0x48 /home/graeme/source/zenos/sysroot/usr/lib/libk.a(strncmp.libk.o)
