Archive member included to satisfy reference by file (symbol)

/home/graeme/source/zenos/sysroot/usr/lib/libk.a(printf.libk.o)
                              arch/i386/interrupt_driver.o (printf)
/home/graeme/source/zenos/sysroot/usr/lib/libk.a(putchar.libk.o)
                              /home/graeme/source/zenos/sysroot/usr/lib/libk.a(printf.libk.o) (putchar)
/home/graeme/source/zenos/sysroot/usr/lib/libk.a(citoa.libk.o)
                              /home/graeme/source/zenos/sysroot/usr/lib/libk.a(printf.libk.o) (citoa)
/home/graeme/source/zenos/sysroot/usr/lib/libk.a(memcmp.libk.o)
                              kernel/shell.o (memcmp)
/home/graeme/source/zenos/sysroot/usr/lib/libk.a(strlen.libk.o)
                              arch/i386/tty.o (strlen)
/home/graeme/source/zenos/sysroot/usr/lib/libk.a(strrev.libk.o)
                              /home/graeme/source/zenos/sysroot/usr/lib/libk.a(citoa.libk.o) (reverse)

There are no discarded input sections

Memory Configuration

Name             Origin             Length             Attributes
*default*        0x00000000         0xffffffff

Linker script and memory map

LOAD arch/i386/crti.o
LOAD arch/i386/crtbegin.o
LOAD arch/i386/boot.o
LOAD arch/i386/port_driver.o
LOAD arch/i386/gdt.o
LOAD arch/i386/gdt_flush.o
LOAD arch/i386/tty.o
LOAD arch/i386/interrupt_driver.o
LOAD arch/i386/isr.o
LOAD arch/i386/irq.o
LOAD arch/i386/keyboard_driver.o
LOAD kernel/eventqueue.o
LOAD kernel/kernel.o
LOAD kernel/cbuffer.o
LOAD kernel/shell.o
LOAD /home/graeme/source/zenos/sysroot/usr/lib/libk.a
LOAD /home/graeme/opt/cross/lib/gcc/i686-elf/14.2.0/libgcc.a
LOAD arch/i386/crtend.o
LOAD arch/i386/crtn.o
                0x00100000                        . = 0x100000

.text           0x00100000     0x1cd9
 *(.multiboot)
 .multiboot     0x00100000        0xc arch/i386/boot.o
 *(.text)
 .text          0x0010000c        0x0 arch/i386/crti.o
 *fill*         0x0010000c        0x4 
 .text          0x00100010      0x135 arch/i386/crtbegin.o
 .text          0x00100145       0x24 arch/i386/boot.o
                0x00100145                _start
 *fill*         0x00100169        0x7 
 .text          0x00100170       0x1e arch/i386/port_driver.o
                0x00100170                port_byte_in
                0x00100180                port_byte_out
 *fill*         0x0010018e        0x2 
 .text          0x00100190       0x66 arch/i386/gdt.o
                0x00100190                gdt_install
 .text          0x001001f6       0x1d arch/i386/gdt_flush.o
                0x001001f6                gdt_flush
 *fill*         0x00100213        0xd 
 .text          0x00100220      0x5c6 arch/i386/tty.o
                0x00100220                terminal_cursor_type
                0x00100230                terminal_setcolor
                0x00100240                terminal_putentryat
                0x00100270                terminal_putchar
                0x00100450                terminal_write
                0x001004f0                terminal_writestring
                0x00100590                terminal_nl
                0x00100620                terminal_cursor_enable
                0x001006a0                terminal_initialize
                0x00100710                terminal_cursor_disable
                0x00100740                terminal_cursor_put
                0x001007a0                terminal_cursor_get
 *fill*         0x001007e6        0xa 
 .text          0x001007f0      0x75f arch/i386/interrupt_driver.o
                0x001007f0                irq_handler
                0x00100850                isr_handler
                0x00100880                set_idt_gate
                0x001008c0                install_interrupts
                0x00100f10                register_interrupt_handler
                0x00100f30                load_idt
 .text          0x00100f4f       0xf2 arch/i386/isr.o
                0x00100f4f                isr0
                0x00100f58                isr1
                0x00100f61                isr2
                0x00100f6a                isr3
                0x00100f73                isr4
                0x00100f7c                isr5
                0x00100f85                isr6
                0x00100f8e                isr7
                0x00100f97                isr8
                0x00100f9b                isr9
                0x00100fa1                isr10
                0x00100fa5                isr11
                0x00100fa9                isr12
                0x00100fad                isr13
                0x00100fb1                isr14
                0x00100fb5                isr15
                0x00100fbb                isr16
                0x00100fc1                isr17
                0x00100fc5                isr18
                0x00100fcb                isr19
                0x00100fd1                isr20
                0x00100fd7                isr21
                0x00100fdd                isr22
                0x00100fe3                isr23
                0x00100fe9                isr24
                0x00100fef                isr25
                0x00100ff5                isr26
                0x00100ffb                isr27
                0x00101001                isr28
                0x00101007                isr29
                0x0010100d                isr30
                0x00101013                isr31
                0x00101019                isr_common_stub
 .text          0x00101041      0x106 arch/i386/irq.o
                0x00101041                irq0
                0x0010104a                irq1
                0x00101053                irq2
                0x0010105c                irq3
                0x00101065                irq4
                0x0010106e                irq5
                0x00101077                irq6
                0x00101080                irq7
                0x00101089                irq8
                0x00101092                irq9
                0x0010109b                irq10
                0x001010a1                irq11
                0x001010a7                irq12
                0x001010ad                irq13
                0x001010b3                irq14
                0x001010b9                irq15
                0x001010bf                irq16
                0x001010c5                irq17
                0x001010cb                irq18
                0x001010d1                irq19
                0x001010d7                irq20
                0x001010dd                irq21
                0x001010e3                irq22
                0x001010e9                irq23
                0x001010ef                irq24
                0x001010f5                irq25
                0x001010fb                irq26
                0x00101101                irq27
                0x00101107                irq28
                0x0010110d                irq29
                0x00101113                irq30
                0x00101119                irq31
                0x0010111f                irq_common_stub
 *fill*         0x00101147        0x9 
 .text          0x00101150       0xe7 arch/i386/keyboard_driver.o
                0x00101210                keyboard_init
 *fill*         0x00101237        0x9 
 .text          0x00101240       0x21 kernel/eventqueue.o
                0x00101240                event_queue_init
                0x00101250                event_queue_has_data
                0x00101260                event_queue_add
 *fill*         0x00101261        0xf 
 .text          0x00101270       0xdc kernel/kernel.o
                0x00101270                hang_message
                0x00101290                kernel_main
 *fill*         0x0010134c        0x4 
 .text          0x00101350      0x220 kernel/cbuffer.o
                0x00101350                cbuffer_initialize
                0x00101370                cbuffer_is_full
                0x00101390                cbuffer_is_empty
                0x001013b0                cbuffer_put
                0x001013f0                cbuffer_get
                0x00101430                cbuffer_find
                0x00101470                cbuffer_peek
                0x001014a0                cbuffer_first_to_CR
                0x00101550                cbuffer_data_available
 .text          0x00101570      0x18e kernel/shell.o
                0x00101570                hello
                0x00101580                shell_init
                0x001015b0                find_command
                0x00101620                shell_run
 *fill*         0x001016fe        0x2 
 .text          0x00101700      0x3e4 /home/graeme/source/zenos/sysroot/usr/lib/libk.a(printf.libk.o)
                0x00101700                printf
 *fill*         0x00101ae4        0xc 
 .text          0x00101af0       0x1f /home/graeme/source/zenos/sysroot/usr/lib/libk.a(putchar.libk.o)
                0x00101af0                putchar
 *fill*         0x00101b0f       0x11 
 .text          0x00101b20       0xaa /home/graeme/source/zenos/sysroot/usr/lib/libk.a(citoa.libk.o)
                0x00101b20                citoa
 *fill*         0x00101bca        0x6 
 .text          0x00101bd0       0x59 /home/graeme/source/zenos/sysroot/usr/lib/libk.a(memcmp.libk.o)
                0x00101bd0                memcmp
 *fill*         0x00101c29        0x7 
 .text          0x00101c30       0x1b /home/graeme/source/zenos/sysroot/usr/lib/libk.a(strlen.libk.o)
                0x00101c30                strlen
 *fill*         0x00101c4b       0x15 
 .text          0x00101c60       0x3e /home/graeme/source/zenos/sysroot/usr/lib/libk.a(strrev.libk.o)
                0x00101c60                reverse
 *fill*         0x00101c9e        0x2 
 .text          0x00101ca0       0x39 arch/i386/crtend.o
 .text          0x00101cd9        0x0 arch/i386/crtn.o

.init           0x00101cd9        0xf
 .init          0x00101cd9        0x3 arch/i386/crti.o
                0x00101cd9                _init
 .init          0x00101cdc        0x5 arch/i386/crtbegin.o
 .init          0x00101ce1        0x5 arch/i386/crtend.o
 .init          0x00101ce6        0x2 arch/i386/crtn.o

.fini           0x00101ce8        0xa
 .fini          0x00101ce8        0x3 arch/i386/crti.o
                0x00101ce8                _fini
 .fini          0x00101ceb        0x5 arch/i386/crtbegin.o
 .fini          0x00101cf0        0x2 arch/i386/crtn.o

.iplt           0x00101cf2        0x0
 .iplt          0x00101cf2        0x0 arch/i386/crti.o

.rodata         0x00102000      0x2a4
 *(.rodata)
 .rodata        0x00102000        0xa arch/i386/tty.o
 *fill*         0x0010200a       0x16 
 .rodata        0x00102020      0x200 arch/i386/keyboard_driver.o
 .rodata        0x00102220       0x84 /home/graeme/source/zenos/sysroot/usr/lib/libk.a(printf.libk.o)

.eh_frame       0x001022a4        0x4
 .eh_frame      0x001022a4        0x0 arch/i386/crtbegin.o
 .eh_frame      0x001022a4        0x4 arch/i386/crtend.o

.rodata.str1.1  0x001022a8      0x2b6
 .rodata.str1.1
                0x001022a8      0x2b6 arch/i386/tty.o
                                  0x3 (size before relaxing)
 .rodata.str1.1
                0x0010255e      0x1f0 arch/i386/interrupt_driver.o
 .rodata.str1.1
                0x0010255e       0xa2 kernel/kernel.o
 .rodata.str1.1
                0x0010255e       0x24 kernel/shell.o

.rodata.str1.4  0x00102560       0x48
 .rodata.str1.4
                0x00102560       0x48 arch/i386/interrupt_driver.o
                                 0x1f (size before relaxing)
 .rodata.str1.4
                0x001025a8       0x28 kernel/kernel.o

.rel.dyn        0x001025a8        0x0
 .rel.got       0x001025a8        0x0 arch/i386/crti.o
 .rel.iplt      0x001025a8        0x0 arch/i386/crti.o
 .rel.text      0x001025a8        0x0 arch/i386/crti.o

.data           0x00103000       0xd0
 *(.data)
 .data          0x00103000        0x0 arch/i386/crti.o
 .data          0x00103000        0x4 arch/i386/crtbegin.o
                0x00103000                __dso_handle
 .data          0x00103004        0x8 arch/i386/boot.o
                0x00103004                linked_label_addr
                0x00103008                actual_eip
 .data          0x0010300c        0x0 arch/i386/port_driver.o
 .data          0x0010300c        0x0 arch/i386/gdt.o
 .data          0x0010300c        0x0 arch/i386/gdt_flush.o
 .data          0x0010300c        0x0 arch/i386/tty.o
 *fill*         0x0010300c       0x14 
 .data          0x00103020       0x80 arch/i386/interrupt_driver.o
                0x00103020                exception_messages
 .data          0x001030a0        0x0 arch/i386/isr.o
 .data          0x001030a0        0x0 arch/i386/irq.o
 .data          0x001030a0        0x0 arch/i386/keyboard_driver.o
 .data          0x001030a0        0x0 kernel/eventqueue.o
 .data          0x001030a0        0x0 kernel/kernel.o
 .data          0x001030a0        0x0 kernel/cbuffer.o
 .data          0x001030a0       0x30 kernel/shell.o
                0x001030a0                command_list
 .data          0x001030d0        0x0 /home/graeme/source/zenos/sysroot/usr/lib/libk.a(printf.libk.o)
 .data          0x001030d0        0x0 /home/graeme/source/zenos/sysroot/usr/lib/libk.a(putchar.libk.o)
 .data          0x001030d0        0x0 /home/graeme/source/zenos/sysroot/usr/lib/libk.a(citoa.libk.o)
 .data          0x001030d0        0x0 /home/graeme/source/zenos/sysroot/usr/lib/libk.a(memcmp.libk.o)
 .data          0x001030d0        0x0 /home/graeme/source/zenos/sysroot/usr/lib/libk.a(strlen.libk.o)
 .data          0x001030d0        0x0 /home/graeme/source/zenos/sysroot/usr/lib/libk.a(strrev.libk.o)
 .data          0x001030d0        0x0 arch/i386/crtend.o
 .data          0x001030d0        0x0 arch/i386/crtn.o

.got            0x001030d0        0x0
 .got           0x001030d0        0x0 arch/i386/crti.o

.got.plt        0x001030d0        0x0
 .got.plt       0x001030d0        0x0 arch/i386/crti.o

.igot.plt       0x001030d0        0x0
 .igot.plt      0x001030d0        0x0 arch/i386/crti.o

.ctors          0x001030d0        0x8
 .ctors         0x001030d0        0x4 arch/i386/crtbegin.o
 .ctors         0x001030d4        0x4 arch/i386/crtend.o

.dtors          0x001030d8        0x8
 .dtors         0x001030d8        0x4 arch/i386/crtbegin.o
 .dtors         0x001030dc        0x4 arch/i386/crtend.o
                0x001030dc                __DTOR_END__

.tm_clone_table
                0x001030e0        0x0
 .tm_clone_table
                0x001030e0        0x0 arch/i386/crtbegin.o
 .tm_clone_table
                0x001030e0        0x0 arch/i386/crtend.o

.bss            0x00104000     0x5784
 *(COMMON)
 *(.bss)
 .bss           0x00104000        0x0 arch/i386/crti.o
 .bss           0x00104000       0x20 arch/i386/crtbegin.o
 .bss           0x00104020     0x4000 arch/i386/boot.o
 .bss           0x00108020        0x0 arch/i386/port_driver.o
 .bss           0x00108020       0x20 arch/i386/gdt.o
                0x00108020                gp
                0x00108028                gdt
 .bss           0x00108040        0x0 arch/i386/gdt_flush.o
 .bss           0x00108040       0x14 arch/i386/tty.o
 *fill*         0x00108054        0xc 
 .bss           0x00108060      0xc20 arch/i386/interrupt_driver.o
                0x00108060                idt_reg
                0x00108080                interrupt_handlers
                0x00108480                idt
 .bss           0x00108c80        0x0 arch/i386/isr.o
 .bss           0x00108c80        0x0 arch/i386/irq.o
 .bss           0x00108c80        0x8 arch/i386/keyboard_driver.o
                0x00108c80                isShift
                0x00108c84                current_buffer
 *fill*         0x00108c88       0x18 
 .bss           0x00108ca0      0xaa0 kernel/eventqueue.o
                0x00108ca0                event_items
 .bss           0x00109740        0x0 kernel/kernel.o
 .bss           0x00109740        0x0 kernel/cbuffer.o
 .bss           0x00109740       0x44 kernel/shell.o
                0x00109740                shell_buffer
 .bss           0x00109784        0x0 /home/graeme/source/zenos/sysroot/usr/lib/libk.a(printf.libk.o)
 .bss           0x00109784        0x0 /home/graeme/source/zenos/sysroot/usr/lib/libk.a(putchar.libk.o)
 .bss           0x00109784        0x0 /home/graeme/source/zenos/sysroot/usr/lib/libk.a(citoa.libk.o)
 .bss           0x00109784        0x0 /home/graeme/source/zenos/sysroot/usr/lib/libk.a(memcmp.libk.o)
 .bss           0x00109784        0x0 /home/graeme/source/zenos/sysroot/usr/lib/libk.a(strlen.libk.o)
 .bss           0x00109784        0x0 /home/graeme/source/zenos/sysroot/usr/lib/libk.a(strrev.libk.o)
 .bss           0x00109784        0x0 arch/i386/crtend.o
 .bss           0x00109784        0x0 arch/i386/crtn.o
OUTPUT(zenos.kernel elf32-i386)

.debug_line     0x00000000     0x204f
 .debug_line    0x00000000       0x58 arch/i386/crti.o
 .debug_line    0x00000058       0x52 arch/i386/boot.o
 .debug_line    0x000000aa       0x71 arch/i386/port_driver.o
 .debug_line    0x0000011b       0xdf arch/i386/gdt.o
 .debug_line    0x000001fa       0x50 arch/i386/gdt_flush.o
 .debug_line    0x0000024a      0x4fe arch/i386/tty.o
 .debug_line    0x00000748      0x8dc arch/i386/interrupt_driver.o
 .debug_line    0x00001024       0xb5 arch/i386/isr.o
 .debug_line    0x000010d9       0xbc arch/i386/irq.o
 .debug_line    0x00001195      0x112 arch/i386/keyboard_driver.o
 .debug_line    0x000012a7       0x60 kernel/eventqueue.o
 .debug_line    0x00001307       0xc7 kernel/kernel.o
 .debug_line    0x000013ce      0x2fa kernel/cbuffer.o
 .debug_line    0x000016c8      0x1a5 kernel/shell.o
 .debug_line    0x0000186d      0x45b /home/graeme/source/zenos/sysroot/usr/lib/libk.a(printf.libk.o)
 .debug_line    0x00001cc8       0x78 /home/graeme/source/zenos/sysroot/usr/lib/libk.a(putchar.libk.o)
 .debug_line    0x00001d40       0xf5 /home/graeme/source/zenos/sysroot/usr/lib/libk.a(citoa.libk.o)
 .debug_line    0x00001e35       0xb4 /home/graeme/source/zenos/sysroot/usr/lib/libk.a(memcmp.libk.o)
 .debug_line    0x00001ee9       0x78 /home/graeme/source/zenos/sysroot/usr/lib/libk.a(strlen.libk.o)
 .debug_line    0x00001f61       0x98 /home/graeme/source/zenos/sysroot/usr/lib/libk.a(strrev.libk.o)
 .debug_line    0x00001ff9       0x56 arch/i386/crtn.o

.debug_line_str
                0x00000000      0x2f8
 .debug_line_str
                0x00000000      0x2f8 arch/i386/crti.o
                                 0x32 (size before relaxing)
 .debug_line_str
                0x000002f8       0x32 arch/i386/boot.o
 .debug_line_str
                0x000002f8       0x80 arch/i386/port_driver.o
 .debug_line_str
                0x000002f8       0xac arch/i386/gdt.o
 .debug_line_str
                0x000002f8       0x37 arch/i386/gdt_flush.o
 .debug_line_str
                0x000002f8      0x115 arch/i386/tty.o
 .debug_line_str
                0x000002f8      0x151 arch/i386/interrupt_driver.o
 .debug_line_str
                0x000002f8       0x31 arch/i386/isr.o
 .debug_line_str
                0x000002f8       0x31 arch/i386/irq.o
 .debug_line_str
                0x000002f8      0x12b arch/i386/keyboard_driver.o
 .debug_line_str
                0x000002f8       0x93 kernel/eventqueue.o
 .debug_line_str
                0x000002f8      0x128 kernel/kernel.o
 .debug_line_str
                0x000002f8       0xcb kernel/cbuffer.o
 .debug_line_str
                0x000002f8      0x130 kernel/shell.o
 .debug_line_str
                0x000002f8       0xd0 /home/graeme/source/zenos/sysroot/usr/lib/libk.a(printf.libk.o)
 .debug_line_str
                0x000002f8       0xe3 /home/graeme/source/zenos/sysroot/usr/lib/libk.a(putchar.libk.o)
 .debug_line_str
                0x000002f8       0x75 /home/graeme/source/zenos/sysroot/usr/lib/libk.a(citoa.libk.o)
 .debug_line_str
                0x000002f8       0xa7 /home/graeme/source/zenos/sysroot/usr/lib/libk.a(memcmp.libk.o)
 .debug_line_str
                0x000002f8       0xa7 /home/graeme/source/zenos/sysroot/usr/lib/libk.a(strlen.libk.o)
 .debug_line_str
                0x000002f8       0x67 /home/graeme/source/zenos/sysroot/usr/lib/libk.a(strrev.libk.o)
 .debug_line_str
                0x000002f8       0x32 arch/i386/crtn.o

.debug_info     0x00000000     0x3540
 .debug_info    0x00000000       0x23 arch/i386/crti.o
 .debug_info    0x00000023       0x31 arch/i386/boot.o
 .debug_info    0x00000054       0xa1 arch/i386/port_driver.o
 .debug_info    0x000000f5      0x2b2 arch/i386/gdt.o
 .debug_info    0x000003a7       0x24 arch/i386/gdt_flush.o
 .debug_info    0x000003cb      0x9d6 arch/i386/tty.o
 .debug_info    0x00000da1      0xd16 arch/i386/interrupt_driver.o
 .debug_info    0x00001ab7       0x25 arch/i386/isr.o
 .debug_info    0x00001adc       0x25 arch/i386/irq.o
 .debug_info    0x00001b01      0x479 arch/i386/keyboard_driver.o
 .debug_info    0x00001f7a      0x14a kernel/eventqueue.o
 .debug_info    0x000020c4      0x26d kernel/kernel.o
 .debug_info    0x00002331      0x435 kernel/cbuffer.o
 .debug_info    0x00002766      0x456 kernel/shell.o
 .debug_info    0x00002bbc      0x4fe /home/graeme/source/zenos/sysroot/usr/lib/libk.a(printf.libk.o)
 .debug_info    0x000030ba       0xeb /home/graeme/source/zenos/sysroot/usr/lib/libk.a(putchar.libk.o)
 .debug_info    0x000031a5      0x11e /home/graeme/source/zenos/sysroot/usr/lib/libk.a(citoa.libk.o)
 .debug_info    0x000032c3       0xef /home/graeme/source/zenos/sysroot/usr/lib/libk.a(memcmp.libk.o)
 .debug_info    0x000033b2       0xb2 /home/graeme/source/zenos/sysroot/usr/lib/libk.a(strlen.libk.o)
 .debug_info    0x00003464       0xb9 /home/graeme/source/zenos/sysroot/usr/lib/libk.a(strrev.libk.o)
 .debug_info    0x0000351d       0x23 arch/i386/crtn.o

.debug_abbrev   0x00000000     0x152b
 .debug_abbrev  0x00000000       0x12 arch/i386/crti.o
 .debug_abbrev  0x00000012       0x28 arch/i386/boot.o
 .debug_abbrev  0x0000003a       0x7b arch/i386/port_driver.o
 .debug_abbrev  0x000000b5      0x11a arch/i386/gdt.o
 .debug_abbrev  0x000001cf       0x14 arch/i386/gdt_flush.o
 .debug_abbrev  0x000001e3      0x305 arch/i386/tty.o
 .debug_abbrev  0x000004e8      0x25a arch/i386/interrupt_driver.o
 .debug_abbrev  0x00000742       0x14 arch/i386/isr.o
 .debug_abbrev  0x00000756       0x14 arch/i386/irq.o
 .debug_abbrev  0x0000076a      0x1d7 arch/i386/keyboard_driver.o
 .debug_abbrev  0x00000941      0x12e kernel/eventqueue.o
 .debug_abbrev  0x00000a6f      0x11d kernel/kernel.o
 .debug_abbrev  0x00000b8c      0x1f6 kernel/cbuffer.o
 .debug_abbrev  0x00000d82      0x23b kernel/shell.o
 .debug_abbrev  0x00000fbd      0x210 /home/graeme/source/zenos/sysroot/usr/lib/libk.a(printf.libk.o)
 .debug_abbrev  0x000011cd       0xab /home/graeme/source/zenos/sysroot/usr/lib/libk.a(putchar.libk.o)
 .debug_abbrev  0x00001278       0xd3 /home/graeme/source/zenos/sysroot/usr/lib/libk.a(citoa.libk.o)
 .debug_abbrev  0x0000134b       0x9b /home/graeme/source/zenos/sysroot/usr/lib/libk.a(memcmp.libk.o)
 .debug_abbrev  0x000013e6       0x8e /home/graeme/source/zenos/sysroot/usr/lib/libk.a(strlen.libk.o)
 .debug_abbrev  0x00001474       0xa5 /home/graeme/source/zenos/sysroot/usr/lib/libk.a(strrev.libk.o)
 .debug_abbrev  0x00001519       0x12 arch/i386/crtn.o

.debug_aranges  0x00000000      0x2b0
 .debug_aranges
                0x00000000       0x28 arch/i386/crti.o
 .debug_aranges
                0x00000028       0x20 arch/i386/boot.o
 .debug_aranges
                0x00000048       0x20 arch/i386/port_driver.o
 .debug_aranges
                0x00000068       0x20 arch/i386/gdt.o
 .debug_aranges
                0x00000088       0x20 arch/i386/gdt_flush.o
 .debug_aranges
                0x000000a8       0x20 arch/i386/tty.o
 .debug_aranges
                0x000000c8       0x20 arch/i386/interrupt_driver.o
 .debug_aranges
                0x000000e8       0x20 arch/i386/isr.o
 .debug_aranges
                0x00000108       0x20 arch/i386/irq.o
 .debug_aranges
                0x00000128       0x20 arch/i386/keyboard_driver.o
 .debug_aranges
                0x00000148       0x20 kernel/eventqueue.o
 .debug_aranges
                0x00000168       0x20 kernel/kernel.o
 .debug_aranges
                0x00000188       0x20 kernel/cbuffer.o
 .debug_aranges
                0x000001a8       0x20 kernel/shell.o
 .debug_aranges
                0x000001c8       0x20 /home/graeme/source/zenos/sysroot/usr/lib/libk.a(printf.libk.o)
 .debug_aranges
                0x000001e8       0x20 /home/graeme/source/zenos/sysroot/usr/lib/libk.a(putchar.libk.o)
 .debug_aranges
                0x00000208       0x20 /home/graeme/source/zenos/sysroot/usr/lib/libk.a(citoa.libk.o)
 .debug_aranges
                0x00000228       0x20 /home/graeme/source/zenos/sysroot/usr/lib/libk.a(memcmp.libk.o)
 .debug_aranges
                0x00000248       0x20 /home/graeme/source/zenos/sysroot/usr/lib/libk.a(strlen.libk.o)
 .debug_aranges
                0x00000268       0x20 /home/graeme/source/zenos/sysroot/usr/lib/libk.a(strrev.libk.o)
 .debug_aranges
                0x00000288       0x28 arch/i386/crtn.o

.debug_str      0x00000000      0xa20
 .debug_str     0x00000000      0xa20 arch/i386/crti.o
                                 0x3e (size before relaxing)
 .debug_str     0x00000a20       0x45 arch/i386/boot.o
 .debug_str     0x00000a20       0x9e arch/i386/port_driver.o
 .debug_str     0x00000a20      0x170 arch/i386/gdt.o
 .debug_str     0x00000a20       0x43 arch/i386/gdt_flush.o
 .debug_str     0x00000a20      0x425 arch/i386/tty.o
 .debug_str     0x00000a20      0x341 arch/i386/interrupt_driver.o
 .debug_str     0x00000a20       0x3d arch/i386/isr.o
 .debug_str     0x00000a20       0x3d arch/i386/irq.o
 .debug_str     0x00000a20      0x3d0 arch/i386/keyboard_driver.o
 .debug_str     0x00000a20      0x13f kernel/eventqueue.o
 .debug_str     0x00000a20      0x2b6 kernel/kernel.o
 .debug_str     0x00000a20      0x1cb kernel/cbuffer.o
 .debug_str     0x00000a20      0x234 kernel/shell.o
 .debug_str     0x00000a20      0x170 /home/graeme/source/zenos/sysroot/usr/lib/libk.a(printf.libk.o)
 .debug_str     0x00000a20      0x10e /home/graeme/source/zenos/sysroot/usr/lib/libk.a(putchar.libk.o)
 .debug_str     0x00000a20       0xb9 /home/graeme/source/zenos/sysroot/usr/lib/libk.a(citoa.libk.o)
 .debug_str     0x00000a20       0xbb /home/graeme/source/zenos/sysroot/usr/lib/libk.a(memcmp.libk.o)
 .debug_str     0x00000a20       0xa3 /home/graeme/source/zenos/sysroot/usr/lib/libk.a(strlen.libk.o)
 .debug_str     0x00000a20       0x70 /home/graeme/source/zenos/sysroot/usr/lib/libk.a(strrev.libk.o)
 .debug_str     0x00000a20       0x3e arch/i386/crtn.o

.debug_rnglists
                0x00000000      0x470
 .debug_rnglists
                0x00000000       0x19 arch/i386/crti.o
 .debug_rnglists
                0x00000019       0xa3 arch/i386/tty.o
 .debug_rnglists
                0x000000bc      0x236 arch/i386/interrupt_driver.o
 .debug_rnglists
                0x000002f2       0x16 arch/i386/keyboard_driver.o
 .debug_rnglists
                0x00000308       0x3e kernel/cbuffer.o
 .debug_rnglists
                0x00000346       0x2f kernel/shell.o
 .debug_rnglists
                0x00000375       0xc9 /home/graeme/source/zenos/sysroot/usr/lib/libk.a(printf.libk.o)
 .debug_rnglists
                0x0000043e       0x19 /home/graeme/source/zenos/sysroot/usr/lib/libk.a(memcmp.libk.o)
 .debug_rnglists
                0x00000457       0x19 arch/i386/crtn.o

.comment        0x00000000       0x12
 .comment       0x00000000       0x12 arch/i386/crtbegin.o
                                 0x13 (size before relaxing)
 .comment       0x00000012       0x13 arch/i386/port_driver.o
 .comment       0x00000012       0x13 arch/i386/gdt.o
 .comment       0x00000012       0x13 arch/i386/tty.o
 .comment       0x00000012       0x13 arch/i386/interrupt_driver.o
 .comment       0x00000012       0x13 arch/i386/keyboard_driver.o
 .comment       0x00000012       0x13 kernel/eventqueue.o
 .comment       0x00000012       0x13 kernel/kernel.o
 .comment       0x00000012       0x13 kernel/cbuffer.o
 .comment       0x00000012       0x13 kernel/shell.o
 .comment       0x00000012       0x13 /home/graeme/source/zenos/sysroot/usr/lib/libk.a(printf.libk.o)
 .comment       0x00000012       0x13 /home/graeme/source/zenos/sysroot/usr/lib/libk.a(putchar.libk.o)
 .comment       0x00000012       0x13 /home/graeme/source/zenos/sysroot/usr/lib/libk.a(citoa.libk.o)
 .comment       0x00000012       0x13 /home/graeme/source/zenos/sysroot/usr/lib/libk.a(memcmp.libk.o)
 .comment       0x00000012       0x13 /home/graeme/source/zenos/sysroot/usr/lib/libk.a(strlen.libk.o)
 .comment       0x00000012       0x13 /home/graeme/source/zenos/sysroot/usr/lib/libk.a(strrev.libk.o)
 .comment       0x00000012       0x13 arch/i386/crtend.o

.debug_loclists
                0x00000000      0xfc3
 .debug_loclists
                0x00000000       0x14 arch/i386/port_driver.o
 .debug_loclists
                0x00000014       0x75 arch/i386/gdt.o
 .debug_loclists
                0x00000089      0x32a arch/i386/tty.o
 .debug_loclists
                0x000003b3      0x234 arch/i386/interrupt_driver.o
 .debug_loclists
                0x000005e7       0x54 arch/i386/keyboard_driver.o
 .debug_loclists
                0x0000063b      0x178 kernel/cbuffer.o
 .debug_loclists
                0x000007b3       0x4f kernel/shell.o
 .debug_loclists
                0x00000802      0x5dc /home/graeme/source/zenos/sysroot/usr/lib/libk.a(printf.libk.o)
 .debug_loclists
                0x00000dde      0x110 /home/graeme/source/zenos/sysroot/usr/lib/libk.a(citoa.libk.o)
 .debug_loclists
                0x00000eee       0x5d /home/graeme/source/zenos/sysroot/usr/lib/libk.a(memcmp.libk.o)
 .debug_loclists
                0x00000f4b       0x2c /home/graeme/source/zenos/sysroot/usr/lib/libk.a(strlen.libk.o)
 .debug_loclists
                0x00000f77       0x4c /home/graeme/source/zenos/sysroot/usr/lib/libk.a(strrev.libk.o)

.debug_frame    0x00000000      0x7c4
 .debug_frame   0x00000000       0x54 arch/i386/port_driver.o
 .debug_frame   0x00000054       0x34 arch/i386/gdt.o
 .debug_frame   0x00000088      0x1d4 arch/i386/tty.o
 .debug_frame   0x0000025c       0xc0 arch/i386/interrupt_driver.o
 .debug_frame   0x0000031c       0x68 arch/i386/keyboard_driver.o
 .debug_frame   0x00000384       0x44 kernel/eventqueue.o
 .debug_frame   0x000003c8       0x4c kernel/kernel.o
 .debug_frame   0x00000414      0x15c kernel/cbuffer.o
 .debug_frame   0x00000570       0xb4 kernel/shell.o
 .debug_frame   0x00000624       0x54 /home/graeme/source/zenos/sysroot/usr/lib/libk.a(printf.libk.o)
 .debug_frame   0x00000678       0x38 /home/graeme/source/zenos/sysroot/usr/lib/libk.a(putchar.libk.o)
 .debug_frame   0x000006b0       0x50 /home/graeme/source/zenos/sysroot/usr/lib/libk.a(citoa.libk.o)
 .debug_frame   0x00000700       0x54 /home/graeme/source/zenos/sysroot/usr/lib/libk.a(memcmp.libk.o)
 .debug_frame   0x00000754       0x34 /home/graeme/source/zenos/sysroot/usr/lib/libk.a(strlen.libk.o)
 .debug_frame   0x00000788       0x3c /home/graeme/source/zenos/sysroot/usr/lib/libk.a(strrev.libk.o)
