Archive member included to satisfy reference by file (symbol)

/home/graeme/source/zenos/sysroot/usr/lib/libk.a(printf.libk.o)
                              arch/i386/interrupt_driver.o (printf)
/home/graeme/source/zenos/sysroot/usr/lib/libk.a(putchar.libk.o)
                              /home/graeme/source/zenos/sysroot/usr/lib/libk.a(printf.libk.o) (putchar)
/home/graeme/source/zenos/sysroot/usr/lib/libk.a(strlen.libk.o)
                              arch/i386/tty.o (strlen)

There are no discarded input sections

Memory Configuration

Name             Origin             Length             Attributes
*default*        0x00000000         0xffffffff

Linker script and memory map

LOAD arch/i386/crti.o
LOAD arch/i386/crtbegin.o
LOAD arch/i386/boot.o
LOAD arch/i386/port_driver.o
LOAD arch/i386/gdt.o
LOAD arch/i386/gdt_flush.o
LOAD arch/i386/tty.o
LOAD arch/i386/interrupt_driver.o
LOAD arch/i386/isr.o
LOAD arch/i386/irq.o
LOAD arch/i386/keyboard_driver.o
LOAD kernel/kernel.o
LOAD /home/graeme/source/zenos/sysroot/usr/lib/libk.a
LOAD /home/graeme/opt/cross/lib/gcc/i686-elf/14.2.0/libgcc.a
LOAD arch/i386/crtend.o
LOAD arch/i386/crtn.o
                0x00100000                        . = 0x100000

.text           0x00100000     0x1279
 *(.multiboot)
 .multiboot     0x00100000        0xc arch/i386/boot.o
 *(.text)
 .text          0x0010000c        0x0 arch/i386/crti.o
 *fill*         0x0010000c        0x4 
 .text          0x00100010      0x135 arch/i386/crtbegin.o
 .text          0x00100145       0x24 arch/i386/boot.o
                0x00100145                _start
 *fill*         0x00100169        0x7 
 .text          0x00100170       0x1e arch/i386/port_driver.o
                0x00100170                port_byte_in
                0x00100180                port_byte_out
 *fill*         0x0010018e        0x2 
 .text          0x00100190       0x66 arch/i386/gdt.o
                0x00100190                gdt_install
 .text          0x001001f6       0x1d arch/i386/gdt_flush.o
                0x001001f6                gdt_flush
 *fill*         0x00100213        0xd 
 .text          0x00100220      0x1fe arch/i386/tty.o
                0x00100220                terminal_initialize
                0x00100290                terminal_setcolor
                0x001002a0                terminal_putentryat
                0x001002d0                terminal_putchar
                0x00100380                terminal_write
                0x001003c0                terminal_writestring
                0x00100400                terminal_nl
 *fill*         0x0010041e        0x2 
 .text          0x00100420      0x79f arch/i386/interrupt_driver.o
                0x00100420                irq_handler
                0x00100490                isr_handler
                0x001004b0                set_idt_gate
                0x001004f0                isr_install
                0x00100b80                register_interrupt_handler
                0x00100ba0                load_idt
 .text          0x00100bbf       0xf2 arch/i386/isr.o
                0x00100bbf                isr0
                0x00100bc8                isr1
                0x00100bd1                isr2
                0x00100bda                isr3
                0x00100be3                isr4
                0x00100bec                isr5
                0x00100bf5                isr6
                0x00100bfe                isr7
                0x00100c07                isr8
                0x00100c0b                isr9
                0x00100c11                isr10
                0x00100c15                isr11
                0x00100c19                isr12
                0x00100c1d                isr13
                0x00100c21                isr14
                0x00100c25                isr15
                0x00100c2b                isr16
                0x00100c31                isr17
                0x00100c35                isr18
                0x00100c3b                isr19
                0x00100c41                isr20
                0x00100c47                isr21
                0x00100c4d                isr22
                0x00100c53                isr23
                0x00100c59                isr24
                0x00100c5f                isr25
                0x00100c65                isr26
                0x00100c6b                isr27
                0x00100c71                isr28
                0x00100c77                isr29
                0x00100c7d                isr30
                0x00100c83                isr31
                0x00100c89                isr_common_stub
 .text          0x00100cb1      0x106 arch/i386/irq.o
                0x00100cb1                irq0
                0x00100cba                irq1
                0x00100cc3                irq2
                0x00100ccc                irq3
                0x00100cd5                irq4
                0x00100cde                irq5
                0x00100ce7                irq6
                0x00100cf0                irq7
                0x00100cf9                irq8
                0x00100d02                irq9
                0x00100d0b                irq10
                0x00100d11                irq11
                0x00100d17                irq12
                0x00100d1d                irq13
                0x00100d23                irq14
                0x00100d29                irq15
                0x00100d2f                irq16
                0x00100d35                irq17
                0x00100d3b                irq18
                0x00100d41                irq19
                0x00100d47                irq20
                0x00100d4d                irq21
                0x00100d53                irq22
                0x00100d59                irq23
                0x00100d5f                irq24
                0x00100d65                irq25
                0x00100d6b                irq26
                0x00100d71                irq27
                0x00100d77                irq28
                0x00100d7d                irq29
                0x00100d83                irq30
                0x00100d89                irq31
                0x00100d8f                irq_common_stub
 *fill*         0x00100db7        0x9 
 .text          0x00100dc0       0x58 arch/i386/keyboard_driver.o
                0x00100df0                keyboard_init
 *fill*         0x00100e18        0x8 
 .text          0x00100e20       0x6a kernel/kernel.o
                0x00100e20                hang_message
                0x00100e40                kernel_main
 *fill*         0x00100e8a       0x36 
 .text          0x00100ec0      0x33c /home/graeme/source/zenos/sysroot/usr/lib/libk.a(printf.libk.o)
                0x00100ec0                printf
 *fill*         0x001011fc        0x4 
 .text          0x00101200       0x1f /home/graeme/source/zenos/sysroot/usr/lib/libk.a(putchar.libk.o)
                0x00101200                putchar
 *fill*         0x0010121f        0x1 
 .text          0x00101220       0x1b /home/graeme/source/zenos/sysroot/usr/lib/libk.a(strlen.libk.o)
                0x00101220                strlen
 *fill*         0x0010123b        0x5 
 .text          0x00101240       0x39 arch/i386/crtend.o
 .text          0x00101279        0x0 arch/i386/crtn.o

.init           0x00101279        0xf
 .init          0x00101279        0x3 arch/i386/crti.o
                0x00101279                _init
 .init          0x0010127c        0x5 arch/i386/crtbegin.o
 .init          0x00101281        0x5 arch/i386/crtend.o
 .init          0x00101286        0x2 arch/i386/crtn.o

.fini           0x00101288        0xa
 .fini          0x00101288        0x3 arch/i386/crti.o
                0x00101288                _fini
 .fini          0x0010128b        0x5 arch/i386/crtbegin.o
 .fini          0x00101290        0x2 arch/i386/crtn.o

.iplt           0x00101292        0x0
 .iplt          0x00101292        0x0 arch/i386/crti.o

.rel.dyn        0x00101294        0x0
 .rel.got       0x00101294        0x0 arch/i386/crti.o
 .rel.iplt      0x00101294        0x0 arch/i386/crti.o
 .rel.text      0x00101294        0x0 arch/i386/crti.o

.rodata
 *(.rodata)

.eh_frame       0x00101294        0x4
 .eh_frame      0x00101294        0x0 arch/i386/crtbegin.o
 .eh_frame      0x00101294        0x4 arch/i386/crtend.o

.rodata.str1.1  0x00101298      0x246
 .rodata.str1.1
                0x00101298      0x246 arch/i386/interrupt_driver.o
                                0x216 (size before relaxing)
 .rodata.str1.1
                0x001014de       0x30 kernel/kernel.o

.rodata.str1.4  0x001014e0       0xb4
 .rodata.str1.4
                0x001014e0       0xb4 arch/i386/interrupt_driver.o
                                 0x43 (size before relaxing)
 .rodata.str1.4
                0x00101594       0x46 arch/i386/keyboard_driver.o
 .rodata.str1.4
                0x00101594       0x28 kernel/kernel.o

.data           0x00102000       0xa0
 *(.data)
 .data          0x00102000        0x0 arch/i386/crti.o
 .data          0x00102000        0x4 arch/i386/crtbegin.o
                0x00102000                __dso_handle
 .data          0x00102004        0x8 arch/i386/boot.o
                0x00102004                linked_label_addr
                0x00102008                actual_eip
 .data          0x0010200c        0x0 arch/i386/port_driver.o
 .data          0x0010200c        0x0 arch/i386/gdt.o
 .data          0x0010200c        0x0 arch/i386/gdt_flush.o
 .data          0x0010200c        0x0 arch/i386/tty.o
 *fill*         0x0010200c       0x14 
 .data          0x00102020       0x80 arch/i386/interrupt_driver.o
                0x00102020                exception_messages
 .data          0x001020a0        0x0 arch/i386/isr.o
 .data          0x001020a0        0x0 arch/i386/irq.o
 .data          0x001020a0        0x0 arch/i386/keyboard_driver.o
 .data          0x001020a0        0x0 kernel/kernel.o
 .data          0x001020a0        0x0 /home/graeme/source/zenos/sysroot/usr/lib/libk.a(printf.libk.o)
 .data          0x001020a0        0x0 /home/graeme/source/zenos/sysroot/usr/lib/libk.a(putchar.libk.o)
 .data          0x001020a0        0x0 /home/graeme/source/zenos/sysroot/usr/lib/libk.a(strlen.libk.o)
 .data          0x001020a0        0x0 arch/i386/crtend.o
 .data          0x001020a0        0x0 arch/i386/crtn.o

.got            0x001020a0        0x0
 .got           0x001020a0        0x0 arch/i386/crti.o

.got.plt        0x001020a0        0x0
 .got.plt       0x001020a0        0x0 arch/i386/crti.o

.igot.plt       0x001020a0        0x0
 .igot.plt      0x001020a0        0x0 arch/i386/crti.o

.ctors          0x001020a0        0x8
 .ctors         0x001020a0        0x4 arch/i386/crtbegin.o
 .ctors         0x001020a4        0x4 arch/i386/crtend.o

.dtors          0x001020a8        0x8
 .dtors         0x001020a8        0x4 arch/i386/crtbegin.o
 .dtors         0x001020ac        0x4 arch/i386/crtend.o
                0x001020ac                __DTOR_END__

.tm_clone_table
                0x001020b0        0x0
 .tm_clone_table
                0x001020b0        0x0 arch/i386/crtbegin.o
 .tm_clone_table
                0x001020b0        0x0 arch/i386/crtend.o

.bss            0x00103000     0x4c80
 *(COMMON)
 *(.bss)
 .bss           0x00103000        0x0 arch/i386/crti.o
 .bss           0x00103000       0x20 arch/i386/crtbegin.o
 .bss           0x00103020     0x4000 arch/i386/boot.o
 .bss           0x00107020        0x0 arch/i386/port_driver.o
 .bss           0x00107020       0x20 arch/i386/gdt.o
                0x00107020                gp
                0x00107028                gdt
 .bss           0x00107040        0x0 arch/i386/gdt_flush.o
 .bss           0x00107040       0x10 arch/i386/tty.o
 *fill*         0x00107050       0x10 
 .bss           0x00107060      0xc20 arch/i386/interrupt_driver.o
                0x00107060                idt_reg
                0x00107080                interrupt_handlers
                0x00107480                idt
 .bss           0x00107c80        0x0 arch/i386/isr.o
 .bss           0x00107c80        0x0 arch/i386/irq.o
 .bss           0x00107c80        0x0 arch/i386/keyboard_driver.o
 .bss           0x00107c80        0x0 kernel/kernel.o
 .bss           0x00107c80        0x0 /home/graeme/source/zenos/sysroot/usr/lib/libk.a(printf.libk.o)
 .bss           0x00107c80        0x0 /home/graeme/source/zenos/sysroot/usr/lib/libk.a(putchar.libk.o)
 .bss           0x00107c80        0x0 /home/graeme/source/zenos/sysroot/usr/lib/libk.a(strlen.libk.o)
 .bss           0x00107c80        0x0 arch/i386/crtend.o
 .bss           0x00107c80        0x0 arch/i386/crtn.o
OUTPUT(zenos.kernel elf32-i386)

.debug_line     0x00000000     0x1627
 .debug_line    0x00000000       0x58 arch/i386/crti.o
 .debug_line    0x00000058       0x52 arch/i386/boot.o
 .debug_line    0x000000aa       0x71 arch/i386/port_driver.o
 .debug_line    0x0000011b       0xdf arch/i386/gdt.o
 .debug_line    0x000001fa       0x50 arch/i386/gdt_flush.o
 .debug_line    0x0000024a      0x309 arch/i386/tty.o
 .debug_line    0x00000553      0x8fa arch/i386/interrupt_driver.o
 .debug_line    0x00000e4d       0xb5 arch/i386/isr.o
 .debug_line    0x00000f02       0xbc arch/i386/irq.o
 .debug_line    0x00000fbe       0x93 arch/i386/keyboard_driver.o
 .debug_line    0x00001051       0xaa kernel/kernel.o
 .debug_line    0x000010fb      0x3e6 /home/graeme/source/zenos/sysroot/usr/lib/libk.a(printf.libk.o)
 .debug_line    0x000014e1       0x78 /home/graeme/source/zenos/sysroot/usr/lib/libk.a(putchar.libk.o)
 .debug_line    0x00001559       0x78 /home/graeme/source/zenos/sysroot/usr/lib/libk.a(strlen.libk.o)
 .debug_line    0x000015d1       0x56 arch/i386/crtn.o

.debug_line_str
                0x00000000      0x255
 .debug_line_str
                0x00000000      0x255 arch/i386/crti.o
                                 0x32 (size before relaxing)
 .debug_line_str
                0x00000255       0x32 arch/i386/boot.o
 .debug_line_str
                0x00000255       0x80 arch/i386/port_driver.o
 .debug_line_str
                0x00000255       0xac arch/i386/gdt.o
 .debug_line_str
                0x00000255       0x37 arch/i386/gdt_flush.o
 .debug_line_str
                0x00000255       0xf2 arch/i386/tty.o
 .debug_line_str
                0x00000255      0x142 arch/i386/interrupt_driver.o
 .debug_line_str
                0x00000255       0x31 arch/i386/isr.o
 .debug_line_str
                0x00000255       0x31 arch/i386/irq.o
 .debug_line_str
                0x00000255      0x133 arch/i386/keyboard_driver.o
 .debug_line_str
                0x00000255      0x10c kernel/kernel.o
 .debug_line_str
                0x00000255       0xc7 /home/graeme/source/zenos/sysroot/usr/lib/libk.a(printf.libk.o)
 .debug_line_str
                0x00000255       0xe3 /home/graeme/source/zenos/sysroot/usr/lib/libk.a(putchar.libk.o)
 .debug_line_str
                0x00000255       0xa7 /home/graeme/source/zenos/sysroot/usr/lib/libk.a(strlen.libk.o)
 .debug_line_str
                0x00000255       0x32 arch/i386/crtn.o

.debug_info     0x00000000     0x206a
 .debug_info    0x00000000       0x23 arch/i386/crti.o
 .debug_info    0x00000023       0x31 arch/i386/boot.o
 .debug_info    0x00000054       0xa1 arch/i386/port_driver.o
 .debug_info    0x000000f5      0x2b2 arch/i386/gdt.o
 .debug_info    0x000003a7       0x24 arch/i386/gdt_flush.o
 .debug_info    0x000003cb      0x54f arch/i386/tty.o
 .debug_info    0x0000091a      0xd81 arch/i386/interrupt_driver.o
 .debug_info    0x0000169b       0x25 arch/i386/isr.o
 .debug_info    0x000016c0       0x25 arch/i386/irq.o
 .debug_info    0x000016e5      0x269 arch/i386/keyboard_driver.o
 .debug_info    0x0000194e      0x15e kernel/kernel.o
 .debug_info    0x00001aac      0x428 /home/graeme/source/zenos/sysroot/usr/lib/libk.a(printf.libk.o)
 .debug_info    0x00001ed4       0xc1 /home/graeme/source/zenos/sysroot/usr/lib/libk.a(putchar.libk.o)
 .debug_info    0x00001f95       0xb2 /home/graeme/source/zenos/sysroot/usr/lib/libk.a(strlen.libk.o)
 .debug_info    0x00002047       0x23 arch/i386/crtn.o

.debug_abbrev   0x00000000      0xc22
 .debug_abbrev  0x00000000       0x12 arch/i386/crti.o
 .debug_abbrev  0x00000012       0x28 arch/i386/boot.o
 .debug_abbrev  0x0000003a       0x7b arch/i386/port_driver.o
 .debug_abbrev  0x000000b5      0x11a arch/i386/gdt.o
 .debug_abbrev  0x000001cf       0x14 arch/i386/gdt_flush.o
 .debug_abbrev  0x000001e3      0x22e arch/i386/tty.o
 .debug_abbrev  0x00000411      0x26a arch/i386/interrupt_driver.o
 .debug_abbrev  0x0000067b       0x14 arch/i386/isr.o
 .debug_abbrev  0x0000068f       0x14 arch/i386/irq.o
 .debug_abbrev  0x000006a3      0x136 arch/i386/keyboard_driver.o
 .debug_abbrev  0x000007d9       0xfd kernel/kernel.o
 .debug_abbrev  0x000008d6      0x201 /home/graeme/source/zenos/sysroot/usr/lib/libk.a(printf.libk.o)
 .debug_abbrev  0x00000ad7       0xab /home/graeme/source/zenos/sysroot/usr/lib/libk.a(putchar.libk.o)
 .debug_abbrev  0x00000b82       0x8e /home/graeme/source/zenos/sysroot/usr/lib/libk.a(strlen.libk.o)
 .debug_abbrev  0x00000c10       0x12 arch/i386/crtn.o

.debug_aranges  0x00000000      0x1f0
 .debug_aranges
                0x00000000       0x28 arch/i386/crti.o
 .debug_aranges
                0x00000028       0x20 arch/i386/boot.o
 .debug_aranges
                0x00000048       0x20 arch/i386/port_driver.o
 .debug_aranges
                0x00000068       0x20 arch/i386/gdt.o
 .debug_aranges
                0x00000088       0x20 arch/i386/gdt_flush.o
 .debug_aranges
                0x000000a8       0x20 arch/i386/tty.o
 .debug_aranges
                0x000000c8       0x20 arch/i386/interrupt_driver.o
 .debug_aranges
                0x000000e8       0x20 arch/i386/isr.o
 .debug_aranges
                0x00000108       0x20 arch/i386/irq.o
 .debug_aranges
                0x00000128       0x20 arch/i386/keyboard_driver.o
 .debug_aranges
                0x00000148       0x20 kernel/kernel.o
 .debug_aranges
                0x00000168       0x20 /home/graeme/source/zenos/sysroot/usr/lib/libk.a(printf.libk.o)
 .debug_aranges
                0x00000188       0x20 /home/graeme/source/zenos/sysroot/usr/lib/libk.a(putchar.libk.o)
 .debug_aranges
                0x000001a8       0x20 /home/graeme/source/zenos/sysroot/usr/lib/libk.a(strlen.libk.o)
 .debug_aranges
                0x000001c8       0x28 arch/i386/crtn.o

.debug_str      0x00000000      0x736
 .debug_str     0x00000000      0x736 arch/i386/crti.o
                                 0x3e (size before relaxing)
 .debug_str     0x00000736       0x45 arch/i386/boot.o
 .debug_str     0x00000736       0x9e arch/i386/port_driver.o
 .debug_str     0x00000736      0x170 arch/i386/gdt.o
 .debug_str     0x00000736       0x43 arch/i386/gdt_flush.o
 .debug_str     0x00000736      0x349 arch/i386/tty.o
 .debug_str     0x00000736      0x35a arch/i386/interrupt_driver.o
 .debug_str     0x00000736       0x3d arch/i386/isr.o
 .debug_str     0x00000736       0x3d arch/i386/irq.o
 .debug_str     0x00000736      0x19b arch/i386/keyboard_driver.o
 .debug_str     0x00000736      0x14c kernel/kernel.o
 .debug_str     0x00000736      0x163 /home/graeme/source/zenos/sysroot/usr/lib/libk.a(printf.libk.o)
 .debug_str     0x00000736       0xb3 /home/graeme/source/zenos/sysroot/usr/lib/libk.a(putchar.libk.o)
 .debug_str     0x00000736       0xa3 /home/graeme/source/zenos/sysroot/usr/lib/libk.a(strlen.libk.o)
 .debug_str     0x00000736       0x3e arch/i386/crtn.o

.debug_rnglists
                0x00000000      0x362
 .debug_rnglists
                0x00000000       0x19 arch/i386/crti.o
 .debug_rnglists
                0x00000019       0x66 arch/i386/tty.o
 .debug_rnglists
                0x0000007f      0x231 arch/i386/interrupt_driver.o
 .debug_rnglists
                0x000002b0       0x99 /home/graeme/source/zenos/sysroot/usr/lib/libk.a(printf.libk.o)
 .debug_rnglists
                0x00000349       0x19 arch/i386/crtn.o

.comment        0x00000000       0x12
 .comment       0x00000000       0x12 arch/i386/crtbegin.o
                                 0x13 (size before relaxing)
 .comment       0x00000012       0x13 arch/i386/port_driver.o
 .comment       0x00000012       0x13 arch/i386/gdt.o
 .comment       0x00000012       0x13 arch/i386/tty.o
 .comment       0x00000012       0x13 arch/i386/interrupt_driver.o
 .comment       0x00000012       0x13 arch/i386/keyboard_driver.o
 .comment       0x00000012       0x13 kernel/kernel.o
 .comment       0x00000012       0x13 /home/graeme/source/zenos/sysroot/usr/lib/libk.a(printf.libk.o)
 .comment       0x00000012       0x13 /home/graeme/source/zenos/sysroot/usr/lib/libk.a(putchar.libk.o)
 .comment       0x00000012       0x13 /home/graeme/source/zenos/sysroot/usr/lib/libk.a(strlen.libk.o)
 .comment       0x00000012       0x13 arch/i386/crtend.o

.debug_loclists
                0x00000000      0x8d5
 .debug_loclists
                0x00000000       0x14 arch/i386/port_driver.o
 .debug_loclists
                0x00000014       0x75 arch/i386/gdt.o
 .debug_loclists
                0x00000089      0x18f arch/i386/tty.o
 .debug_loclists
                0x00000218      0x248 arch/i386/interrupt_driver.o
 .debug_loclists
                0x00000460       0x14 arch/i386/keyboard_driver.o
 .debug_loclists
                0x00000474      0x435 /home/graeme/source/zenos/sysroot/usr/lib/libk.a(printf.libk.o)
 .debug_loclists
                0x000008a9       0x2c /home/graeme/source/zenos/sysroot/usr/lib/libk.a(strlen.libk.o)

.debug_frame    0x00000000      0x3d0
 .debug_frame   0x00000000       0x54 arch/i386/port_driver.o
 .debug_frame   0x00000054       0x34 arch/i386/gdt.o
 .debug_frame   0x00000088      0x120 arch/i386/tty.o
 .debug_frame   0x000001a8       0xc8 arch/i386/interrupt_driver.o
 .debug_frame   0x00000270       0x54 arch/i386/keyboard_driver.o
 .debug_frame   0x000002c4       0x4c kernel/kernel.o
 .debug_frame   0x00000310       0x54 /home/graeme/source/zenos/sysroot/usr/lib/libk.a(printf.libk.o)
 .debug_frame   0x00000364       0x38 /home/graeme/source/zenos/sysroot/usr/lib/libk.a(putchar.libk.o)
 .debug_frame   0x0000039c       0x34 /home/graeme/source/zenos/sysroot/usr/lib/libk.a(strlen.libk.o)
